******************************************************************************
            TI ARM Clang Linker PC v3.2.2                      
******************************************************************************
>> Linked Sun Jul 14 19:17:27 2024

OUTPUT FILE NAME:   <Car.out>
ENTRY POINT SYMBOL: "_c_int00_noargs"  address: 000030a1


MEMORY CONFIGURATION

         name            origin    length      used     unused   attr    fill
----------------------  --------  ---------  --------  --------  ----  --------
  FLASH                 00000000   0000fff8  00003920  0000c6d8  R  X
  SRAM                  20000000   00001000  000001a9  00000e57  RW X
  BCR_CONFIG            41c00000   00000080  00000000  00000080  R   
  BSL_CONFIG            41c00100   00000080  00000000  00000080  R   


SEGMENT ALLOCATION MAP

run origin  load origin   length   init length attrs members
----------  ----------- ---------- ----------- ----- -------
00000000    00000000    00003920   00003920    r-x
  00000000    00000000    000000c0   000000c0    r-- .intvecs
  000000c0    000000c0    000031e0   000031e0    r-x .text
  000032a0    000032a0    00000650   00000650    r-- .rodata
  000038f0    000038f0    00000030   00000030    r-- .cinit
20000000    20000000    000000ab   00000000    rw-
  20000000    20000000    0000008e   00000000    rw- .bss
  20000090    20000090    0000001b   00000000    rw- .data
20000f00    20000f00    00000100   00000000    rw-
  20000f00    20000f00    00000100   00000000    rw- .stack


SECTION ALLOCATION MAP

 output                                  attributes/
section   page    origin      length       input sections
--------  ----  ----------  ----------   ----------------
.intvecs   0    00000000    000000c0     
                  00000000    000000c0     startup_mspm0l130x_ticlang.o (.intvecs)

.text      0    000000c0    000031e0     
                  000000c0    00000a88     OLED.o (.text.OLED_Init)
                  00000b48    00000438     OLED.o (.text.OLED_ShowSignedNum)
                  00000f80    000003c4     UART.o (.text.UART_SendNumber)
                  00001344    00000348     Sensor.o (.text.read_sensor_values)
                  0000168c    000002a8     OLED.o (.text.OLED_ShowChar)
                  00001934    000001e4     main.o (.text.main)
                  00001b18    00000192     libclang_rt.builtins.a : adddf3.S.obj (.text.adddf3_subdf3)
                  00001caa    00000002     startup_mspm0l130x_ticlang.o (.text.Default_Handler)
                  00001cac    00000138     OLED.o (.text.OLED_SetCursor)
                  00001de4    00000110     driverlib.a : dl_timer.o (.text.DL_Timer_initPWMMode)
                  00001ef4    00000100                 : dl_timer.o (.text.DL_Timer_initTimerMode)
                  00001ff4    000000d8     libclang_rt.builtins.a : addsf3.S.obj (.text)
                  000020cc    000000c0     ti_msp_dl_config.o (.text.SYSCFG_DL_GPIO_init)
                  0000218c    000000a0     Encoder.o (.text.GROUP1_IRQHandler)
                  0000222c    0000009c     PID.o (.text.addPID_realize)
                  000022c8    0000009a     libc.a : memcpy16.S.obj (.text:memcpy)
                  00002362    00000002     libclang_rt.builtins.a : aeabi_div0.c.obj (.text.__aeabi_idiv0)
                  00002364    0000008c                            : mulsf3.S.obj (.text.__mulsf3)
                  000023f0    00000088     ti_msp_dl_config.o (.text.SYSCFG_DL_PWM_12_init)
                  00002478    00000080     PID.o (.text.PosionPID_realize)
                  000024f8    0000007c     ti_msp_dl_config.o (.text.SYSCFG_DL_PWM_34_init)
                  00002574    00000078     Control.o (.text.TIMG2_IRQHandler)
                  000025ec    00000078     libc.a : copy_decompress_lzss.c.obj (.text:decompress:lzss)
                  00002664    0000000c     Encoder.o (.text.Encoder_Init)
                  00002670    00000074     libclang_rt.builtins.a : truncdfsf2.S.obj (.text.__truncdfsf2)
                  000026e4    00000070     ti_msp_dl_config.o (.text.SYSCFG_DL_UART_0_init)
                  00002754    00000070     ti_msp_dl_config.o (.text.SYSCFG_DL_UART_1_init)
                  000027c4    00000068     Control.o (.text.Conditional_Judgment)
                  0000282c    00000062     libclang_rt.builtins.a : aeabi_fcmp.S.obj (.text.__aeabi_fcmp)
                  0000288e    00000002     --HOLE-- [fill = 0]
                  00002890    00000060     PID.o (.text.PID_Param_Init)
                  000028f0    00000060     ti_msp_dl_config.o (.text.SYSCFG_DL_initPower)
                  00002950    00000054     driverlib.a : dl_i2c.o (.text.DL_I2C_fillControllerTXFIFO)
                  000029a4    00000054     OLED.o (.text.OLED_ShowString)
                  000029f8    00000054     ti_msp_dl_config.o (.text.SYSCFG_DL_I2C_0_init)
                  00002a4c    0000004c     driverlib.a : dl_uart.o (.text.DL_UART_init)
                  00002a98    00000042     UART.o (.text.UART_SendString)
                  00002ada    00000002     --HOLE-- [fill = 0]
                  00002adc    00000040     driverlib.a : dl_timer.o (.text.DL_Timer_setCaptureCompareOutCtl)
                  00002b1c    00000040     Motor.o (.text.Motor1_SetSpeed)
                  00002b5c    00000040     Motor.o (.text.Motor2_SetSpeed)
                  00002b9c    00000040     Motor.o (.text.Motor3_SetSpeed)
                  00002bdc    00000040     Motor.o (.text.Motor4_SetSpeed)
                  00002c1c    00000040     libclang_rt.builtins.a : aeabi_uidivmod.S.obj (.text.__aeabi_uidivmod)
                  00002c5c    00000040                            : extendsfdf2.S.obj (.text.__extendsfdf2)
                  00002c9c    0000003c     driverlib.a : dl_timer.o (.text.DL_Timer_setCaptureCompareCtl)
                  00002cd8    0000003c     libclang_rt.builtins.a : floatsisf.S.obj (.text.__floatsisf)
                  00002d14    0000003c                            : comparesf2.S.obj (.text.__gtsf2)
                  00002d50    0000003c     libc.a : autoinit.c.obj (.text:__TI_auto_init_nobinit_nopinit)
                  00002d8c    0000003a     libclang_rt.builtins.a : comparesf2.S.obj (.text.__eqsf2)
                  00002dc6    00000002     --HOLE-- [fill = 0]
                  00002dc8    0000003a                            : muldsi3.S.obj (.text.__muldsi3)
                  00002e02    00000002     --HOLE-- [fill = 0]
                  00002e04    00000038     ti_msp_dl_config.o (.text.SYSCFG_DL_TIMER_0_init)
                  00002e3c    00000038     libclang_rt.builtins.a : fixsfsi.S.obj (.text.__fixsfsi)
                  00002e74    00000034     driverlib.a : dl_i2c.o (.text.DL_I2C_setClockConfig)
                  00002ea8    00000034                 : dl_timer.o (.text.DL_Timer_setCaptCompUpdateMethod)
                  00002edc    00000034                 : dl_timer.o (.text.DL_Timer_setCaptureCompareAction)
                  00002f10    00000034                 : dl_timer.o (.text.DL_Timer_setCaptureCompareInput)
                  00002f44    00000034                 : dl_timer.o (.text.DL_Timer_setClockConfig)
                  00002f78    00000034     Motor.o (.text.Motor_Init)
                  00002fac    0000002c     driverlib.a : dl_timer.o (.text.DL_Timer_setCaptureCompareValue)
                  00002fd8    00000028                 : dl_i2c.o (.text.DL_Common_updateReg)
                  00003000    00000028                 : dl_timer.o (.text.DL_Common_updateReg)
                  00003028    00000028                 : dl_uart.o (.text.DL_Common_updateReg)
                  00003050    00000028                 : dl_uart.o (.text.DL_UART_transmitDataBlocking)
                  00003078    00000028     ti_msp_dl_config.o (.text.SYSCFG_DL_init)
                  000030a0    00000028     libc.a : boot_cortex_m.c.obj (.text:_c_int00_noargs)
                  000030c8    00000024     driverlib.a : dl_uart.o (.text.DL_UART_setClockConfig)
                  000030ec    00000020                 : dl_timer.o (.text.DL_Timer_setCounterValueAfterEnable)
                  0000310c    00000020     UART.o (.text.UART0_IRQHandler)
                  0000312c    00000020     UART.o (.text.UART1_IRQHandler)
                  0000314c    0000001c     driverlib.a : dl_i2c.o (.text.DL_I2C_isControllerTXFIFOFull)
                  00003168    0000001c     ti_msp_dl_config.o (.text.SYSCFG_DL_SYSCTL_init)
                  00003184    0000001c     UART.o (.text.UART_Init)
                  000031a0    00000018     driverlib.a : dl_timer.o (.text.DL_Timer_setLoadValue)
                  000031b8    00000018                 : dl_uart.o (.text.DL_UART_isTXFIFOFull)
                  000031d0    00000016                 : dl_i2c.o (.text.DL_I2C_transmitControllerData)
                  000031e6    00000016                 : dl_uart.o (.text.DL_UART_disable)
                  000031fc    00000016                 : dl_uart.o (.text.DL_UART_transmitData)
                  00003212    00000016     libc.a : copy_zero_init.c.obj (.text:decompress:ZI:__TI_zero_init_nomemset)
                  00003228    00000014     driverlib.a : dl_common.o (.text.DL_Common_delayCycles)
                  0000323c    00000012     libc.a : copy_decompress_none.c.obj (.text:decompress:none)
                  0000324e    00000002     --HOLE-- [fill = 0]
                  00003250    00000010     Encoder.o (.text.Encoder_Get_Freq2)
                  00003260    00000010     Encoder.o (.text.Encoder_Get_Freq)
                  00003270    0000000e     UART.o (.text.UART_SendByte)
                  0000327e    00000002     --HOLE-- [fill = 0]
                  00003280    00000008     libclang_rt.builtins.a : aeabi_memcpy.S.obj (.text.__aeabi_memcpy)
                  00003288    00000004     startup_mspm0l130x_ticlang.o (.text.Reset_Handler)
                  0000328c    00000004     libc.a : pre_init.c.obj (.text._system_pre_init)
                  00003290    00000004            : exit.c.obj (.text:abort)
                  00003294    0000000c     --HOLE-- [fill = 0]

.cinit     0    000038f0    00000030     
                  000038f0    0000000c     (__TI_handler_table)
                  000038fc    00000008     (.cinit..bss.load) [load image, compression = zero_init]
                  00003904    00000008     (.cinit..data.load) [load image, compression = lzss]
                  0000390c    00000010     (__TI_cinit_table)
                  0000391c    00000004     --HOLE-- [fill = 0]

.rodata    0    000032a0    00000650     
                  000032a0    000005f0     OLED.o (.rodata.OLED_F8x16)
                  00003890    00000014     ti_msp_dl_config.o (.rodata.gTIMER_0TimerConfig)
                  000038a4    0000000a     ti_msp_dl_config.o (.rodata.gUART_0Config)
                  000038ae    0000000a     ti_msp_dl_config.o (.rodata.gUART_1Config)
                  000038b8    00000008     ti_msp_dl_config.o (.rodata.gPWM_12Config)
                  000038c0    00000008     ti_msp_dl_config.o (.rodata.gPWM_34Config)
                  000038c8    00000007     main.o (.rodata.str1.52501554851255701521)
                  000038cf    00000006     main.o (.rodata.str1.176328792963337784071)
                  000038d5    00000006     main.o (.rodata.str1.97993385775340092391)
                  000038db    00000003     ti_msp_dl_config.o (.rodata.gPWM_12ClockConfig)
                  000038de    00000003     ti_msp_dl_config.o (.rodata.gPWM_34ClockConfig)
                  000038e1    00000003     ti_msp_dl_config.o (.rodata.gTIMER_0ClockConfig)
                  000038e4    00000003     main.o (.rodata.str1.42969106790848045441)
                  000038e7    00000002     ti_msp_dl_config.o (.rodata.gI2C_0ClockConfig)
                  000038e9    00000002     ti_msp_dl_config.o (.rodata.gUART_0ClockConfig)
                  000038eb    00000002     ti_msp_dl_config.o (.rodata.gUART_1ClockConfig)
                  000038ed    00000003     --HOLE-- [fill = 0]

.init_array 
*          0    00000000    00000000     UNINITIALIZED

.binit     0    00000000    00000000     

.bss       0    20000000    0000008e     UNINITIALIZED
                  20000000    00000024     (.common:Motor1_PID)
                  20000024    00000024     (.common:Motor2_PID)
                  20000048    00000024     (.common:Sensor_PID)
                  2000006c    00000008     (.common:sensor)
                  20000074    00000004     (.common:Encoder_Capture1)
                  20000078    00000004     (.common:Encoder_Capture2)
                  2000007c    00000004     (.common:decide)
                  20000080    00000004     (.common:error)
                  20000084    00000004     (.common:gCaptureCnt1)
                  20000088    00000004     (.common:gCaptureCnt2)
                  2000008c    00000001     (.common:UART1_RxPacket)
                  2000008d    00000001     (.common:UART_PID)

.data      0    20000090    0000001b     UNINITIALIZED
                  20000090    00000004     Control.o (.data.APWM)
                  20000094    00000004     Control.o (.data.BPWM)
                  20000098    00000004     Control.o (.data.SPWM)
                  2000009c    00000004     Control.o (.data.Total_ERROR)
                  200000a0    00000004     Control.o (.data.freq2)
                  200000a4    00000004     Control.o (.data.freq)
                  200000a8    00000002     Sensor.o (.data.Sensor_Deviation)
                  200000aa    00000001     Control.o (.data.Turn_Flag)

.stack     0    20000f00    00000100     UNINITIALIZED
                  20000f00    00000004     libc.a : boot_cortex_m.c.obj (.stack)
                  20000f04    000000fc     --HOLE--

__llvm_prf_cnts 
*          0    20000000    00000000     UNINITIALIZED

__llvm_prf_bits 
*          0    20000000    00000000     UNINITIALIZED

MODULE SUMMARY

       Module                         code    ro data   rw data
       ------                         ----    -------   -------
    .\
       ti_msp_dl_config.o             980     71        0      
       main.o                         484     22        0      
       startup_mspm0l130x_ticlang.o   6       192       0      
    +--+------------------------------+-------+---------+---------+
       Total:                         1470    285       0      
                                                               
    .\Hardware\
       OLED.o                         4852    1520      0      
       Sensor.o                       840     0         18     
       PID.o                          380     0         108    
       Motor.o                        308     0         0      
       Control.o                      224     0         25     
       Encoder.o                      204     0         16     
    +--+------------------------------+-------+---------+---------+
       Total:                         6808    1520      167    
                                                               
    .\System\
       UART.o                         1136    0         2      
    +--+------------------------------+-------+---------+---------+
       Total:                         1136    0         2      
                                                               
    D:/APP_INSTALL_CONTENT/CCSThia/mspm0_sdk_2_01_00_03/source/ti/driverlib/lib/ticlang/m0p/mspm0l11xx_l13xx/driverlib.a
       dl_timer.o                     1000    0         0      
       dl_uart.o                      260     0         0      
       dl_i2c.o                       226     0         0      
       dl_common.o                    20      0         0      
    +--+------------------------------+-------+---------+---------+
       Total:                         1506    0         0      
                                                               
    D:\APP_INSTALL_CONTENT\CCSThia\ccs\tools\compiler\ti-cgt-armllvm_3.2.2.LTS\lib\armv6m-ti-none-eabi/c/libc.a
       memcpy16.S.obj                 154     0         0      
       copy_decompress_lzss.c.obj     120     0         0      
       autoinit.c.obj                 60      0         0      
       boot_cortex_m.c.obj            40      0         0      
       copy_zero_init.c.obj           22      0         0      
       copy_decompress_none.c.obj     18      0         0      
       exit.c.obj                     4       0         0      
       pre_init.c.obj                 4       0         0      
    +--+------------------------------+-------+---------+---------+
       Total:                         422     0         0      
                                                               
    D:\APP_INSTALL_CONTENT\CCSThia\ccs\tools\compiler\ti-cgt-armllvm_3.2.2.LTS\lib\clang/15.0.7/lib/armv6m-ti-none-eabi/libclang_rt.builtins.a
       adddf3.S.obj                   402     0         0      
       addsf3.S.obj                   216     0         0      
       mulsf3.S.obj                   140     0         0      
       comparesf2.S.obj               118     0         0      
       truncdfsf2.S.obj               116     0         0      
       aeabi_fcmp.S.obj               98      0         0      
       aeabi_uidivmod.S.obj           64      0         0      
       extendsfdf2.S.obj              64      0         0      
       floatsisf.S.obj                60      0         0      
       muldsi3.S.obj                  58      0         0      
       fixsfsi.S.obj                  56      0         0      
       aeabi_memcpy.S.obj             8       0         0      
       aeabi_div0.c.obj               2       0         0      
    +--+------------------------------+-------+---------+---------+
       Total:                         1402    0         0      
                                                               
       Stack:                         0       0         256    
       Linker Generated:              0       44        0      
    +--+------------------------------+-------+---------+---------+
       Grand Total:                   12744   1849      425    


LINKER GENERATED COPY TABLES

__TI_cinit_table @ 0000390c records: 2, size/record: 8, table size: 16
	.bss: load addr=000038fc, load size=00000008 bytes, run addr=20000000, run size=0000008e bytes, compression=zero_init
	.data: load addr=00003904, load size=00000008 bytes, run addr=20000090, run size=0000001b bytes, compression=lzss


LINKER GENERATED HANDLER TABLE

__TI_handler_table @ 000038f0 records: 3, size/record: 4, table size: 12
	index: 0, handler: __TI_decompress_lzss
	index: 1, handler: __TI_decompress_none
	index: 2, handler: __TI_zero_init


GLOBAL SYMBOLS: SORTED ALPHABETICALLY BY Name 

address   name                            
-------   ----                            
00001cab  ADC0_IRQHandler                 
20000090  APWM                            
20000094  BPWM                            
00003290  C$$EXIT                         
000027c5  Conditional_Judgment            
00003229  DL_Common_delayCycles           
00002951  DL_I2C_fillControllerTXFIFO     
00002e75  DL_I2C_setClockConfig           
00001de5  DL_Timer_initPWMMode            
00001ef5  DL_Timer_initTimerMode          
00002ea9  DL_Timer_setCaptCompUpdateMethod
00002edd  DL_Timer_setCaptureCompareAction
00002c9d  DL_Timer_setCaptureCompareCtl   
00002f11  DL_Timer_setCaptureCompareInput 
00002add  DL_Timer_setCaptureCompareOutCtl
00002fad  DL_Timer_setCaptureCompareValue 
00002f45  DL_Timer_setClockConfig         
00002a4d  DL_UART_init                    
000030c9  DL_UART_setClockConfig          
00003051  DL_UART_transmitDataBlocking    
00001cab  DMA_IRQHandler                  
00001cab  Default_Handler                 
20000074  Encoder_Capture1                
20000078  Encoder_Capture2                
00003261  Encoder_Get_Freq                
00003251  Encoder_Get_Freq2               
00002665  Encoder_Init                    
00001cab  GROUP0_IRQHandler               
0000218d  GROUP1_IRQHandler               
00001cab  HardFault_Handler               
00001cab  I2C0_IRQHandler                 
00001cab  I2C1_IRQHandler                 
20000000  Motor1_PID                      
00002b1d  Motor1_SetSpeed                 
20000024  Motor2_PID                      
00002b5d  Motor2_SetSpeed                 
00002b9d  Motor3_SetSpeed                 
00002bdd  Motor4_SetSpeed                 
00002f79  Motor_Init                      
00001cab  NMI_Handler                     
000032a0  OLED_F8x16                      
000000c1  OLED_Init                       
00001cad  OLED_SetCursor                  
0000168d  OLED_ShowChar                   
00000b49  OLED_ShowSignedNum              
000029a5  OLED_ShowString                 
00002891  PID_Param_Init                  
00001cab  PendSV_Handler                  
00002479  PosionPID_realize               
00003289  Reset_Handler                   
00001cab  SPI0_IRQHandler                 
20000098  SPWM                            
00001cab  SVC_Handler                     
000020cd  SYSCFG_DL_GPIO_init             
000029f9  SYSCFG_DL_I2C_0_init            
000023f1  SYSCFG_DL_PWM_12_init           
000024f9  SYSCFG_DL_PWM_34_init           
00003169  SYSCFG_DL_SYSCTL_init           
00002e05  SYSCFG_DL_TIMER_0_init          
000026e5  SYSCFG_DL_UART_0_init           
00002755  SYSCFG_DL_UART_1_init           
00003079  SYSCFG_DL_init                  
000028f1  SYSCFG_DL_initPower             
200000a8  Sensor_Deviation                
20000048  Sensor_PID                      
00001cab  SysTick_Handler                 
00001cab  TIMG0_IRQHandler                
00001cab  TIMG1_IRQHandler                
00002575  TIMG2_IRQHandler                
00001cab  TIMG4_IRQHandler                
2000009c  Total_ERROR                     
200000aa  Turn_Flag                       
0000310d  UART0_IRQHandler                
0000312d  UART1_IRQHandler                
2000008c  UART1_RxPacket                  
00003185  UART_Init                       
2000008d  UART_PID                        
00003271  UART_SendByte                   
00000f81  UART_SendNumber                 
00002a99  UART_SendString                 
20001000  __STACK_END                     
00000100  __STACK_SIZE                    
00000000  __TI_ATRegion0_region_sz        
00000000  __TI_ATRegion0_src_addr         
00000000  __TI_ATRegion0_trg_addr         
00000000  __TI_ATRegion1_region_sz        
00000000  __TI_ATRegion1_src_addr         
00000000  __TI_ATRegion1_trg_addr         
00000000  __TI_ATRegion2_region_sz        
00000000  __TI_ATRegion2_src_addr         
00000000  __TI_ATRegion2_trg_addr         
0000390c  __TI_CINIT_Base                 
0000391c  __TI_CINIT_Limit                
0000391c  __TI_CINIT_Warm                 
000038f0  __TI_Handler_Table_Base         
000038fc  __TI_Handler_Table_Limit        
00002d51  __TI_auto_init_nobinit_nopinit  
000025ed  __TI_decompress_lzss            
0000323d  __TI_decompress_none            
ffffffff  __TI_pprof_out_hndl             
ffffffff  __TI_prof_data_size             
ffffffff  __TI_prof_data_start            
00000000  __TI_static_base__              
00003213  __TI_zero_init_nomemset         
00001b23  __adddf3                        
00001fff  __addsf3                        
00002671  __aeabi_d2f                     
00001b23  __aeabi_dadd                    
00001b19  __aeabi_dsub                    
00002c5d  __aeabi_f2d                     
00002e3d  __aeabi_f2iz                    
00001fff  __aeabi_fadd                    
0000282d  __aeabi_fcmpeq                  
00002869  __aeabi_fcmpge                  
0000287d  __aeabi_fcmpgt                  
00002855  __aeabi_fcmple                  
00002841  __aeabi_fcmplt                  
00002365  __aeabi_fmul                    
00001ff5  __aeabi_fsub                    
00002cd9  __aeabi_i2f                     
00002363  __aeabi_idiv0                   
00003281  __aeabi_memcpy                  
00003281  __aeabi_memcpy4                 
00003281  __aeabi_memcpy8                 
00002c1d  __aeabi_uidiv                   
00002c1d  __aeabi_uidivmod                
ffffffff  __binit__                       
00002d8d  __cmpsf2                        
00002d8d  __eqsf2                         
00002c5d  __extendsfdf2                   
00002e3d  __fixsfsi                       
00002cd9  __floatsisf                     
00002d15  __gesf2                         
00002d15  __gtsf2                         
00002d8d  __lesf2                         
00002d8d  __ltsf2                         
UNDEFED   __mpu_init                      
00002dc9  __muldsi3                       
00002365  __mulsf3                        
00002d8d  __nesf2                         
20000f00  __stack                         
20000000  __start___llvm_prf_bits         
20000000  __start___llvm_prf_cnts         
20000000  __stop___llvm_prf_bits          
20000000  __stop___llvm_prf_cnts          
00001b19  __subdf3                        
00001ff5  __subsf3                        
00002671  __truncdfsf2                    
000030a1  _c_int00_noargs                 
UNDEFED   _system_post_cinit              
0000328d  _system_pre_init                
00003291  abort                           
0000222d  addPID_realize                  
ffffffff  binit                           
2000007c  decide                          
20000080  error                           
200000a4  freq                            
200000a0  freq2                           
20000084  gCaptureCnt1                    
20000088  gCaptureCnt2                    
00000000  interruptVectors                
00001935  main                            
000022c9  memcpy                          
00001345  read_sensor_values              
2000006c  sensor                          


GLOBAL SYMBOLS: SORTED BY Symbol Address 

address   name                            
-------   ----                            
00000000  __TI_ATRegion0_region_sz        
00000000  __TI_ATRegion0_src_addr         
00000000  __TI_ATRegion0_trg_addr         
00000000  __TI_ATRegion1_region_sz        
00000000  __TI_ATRegion1_src_addr         
00000000  __TI_ATRegion1_trg_addr         
00000000  __TI_ATRegion2_region_sz        
00000000  __TI_ATRegion2_src_addr         
00000000  __TI_ATRegion2_trg_addr         
00000000  __TI_static_base__              
00000000  interruptVectors                
000000c1  OLED_Init                       
00000100  __STACK_SIZE                    
00000b49  OLED_ShowSignedNum              
00000f81  UART_SendNumber                 
00001345  read_sensor_values              
0000168d  OLED_ShowChar                   
00001935  main                            
00001b19  __aeabi_dsub                    
00001b19  __subdf3                        
00001b23  __adddf3                        
00001b23  __aeabi_dadd                    
00001cab  ADC0_IRQHandler                 
00001cab  DMA_IRQHandler                  
00001cab  Default_Handler                 
00001cab  GROUP0_IRQHandler               
00001cab  HardFault_Handler               
00001cab  I2C0_IRQHandler                 
00001cab  I2C1_IRQHandler                 
00001cab  NMI_Handler                     
00001cab  PendSV_Handler                  
00001cab  SPI0_IRQHandler                 
00001cab  SVC_Handler                     
00001cab  SysTick_Handler                 
00001cab  TIMG0_IRQHandler                
00001cab  TIMG1_IRQHandler                
00001cab  TIMG4_IRQHandler                
00001cad  OLED_SetCursor                  
00001de5  DL_Timer_initPWMMode            
00001ef5  DL_Timer_initTimerMode          
00001ff5  __aeabi_fsub                    
00001ff5  __subsf3                        
00001fff  __addsf3                        
00001fff  __aeabi_fadd                    
000020cd  SYSCFG_DL_GPIO_init             
0000218d  GROUP1_IRQHandler               
0000222d  addPID_realize                  
000022c9  memcpy                          
00002363  __aeabi_idiv0                   
00002365  __aeabi_fmul                    
00002365  __mulsf3                        
000023f1  SYSCFG_DL_PWM_12_init           
00002479  PosionPID_realize               
000024f9  SYSCFG_DL_PWM_34_init           
00002575  TIMG2_IRQHandler                
000025ed  __TI_decompress_lzss            
00002665  Encoder_Init                    
00002671  __aeabi_d2f                     
00002671  __truncdfsf2                    
000026e5  SYSCFG_DL_UART_0_init           
00002755  SYSCFG_DL_UART_1_init           
000027c5  Conditional_Judgment            
0000282d  __aeabi_fcmpeq                  
00002841  __aeabi_fcmplt                  
00002855  __aeabi_fcmple                  
00002869  __aeabi_fcmpge                  
0000287d  __aeabi_fcmpgt                  
00002891  PID_Param_Init                  
000028f1  SYSCFG_DL_initPower             
00002951  DL_I2C_fillControllerTXFIFO     
000029a5  OLED_ShowString                 
000029f9  SYSCFG_DL_I2C_0_init            
00002a4d  DL_UART_init                    
00002a99  UART_SendString                 
00002add  DL_Timer_setCaptureCompareOutCtl
00002b1d  Motor1_SetSpeed                 
00002b5d  Motor2_SetSpeed                 
00002b9d  Motor3_SetSpeed                 
00002bdd  Motor4_SetSpeed                 
00002c1d  __aeabi_uidiv                   
00002c1d  __aeabi_uidivmod                
00002c5d  __aeabi_f2d                     
00002c5d  __extendsfdf2                   
00002c9d  DL_Timer_setCaptureCompareCtl   
00002cd9  __aeabi_i2f                     
00002cd9  __floatsisf                     
00002d15  __gesf2                         
00002d15  __gtsf2                         
00002d51  __TI_auto_init_nobinit_nopinit  
00002d8d  __cmpsf2                        
00002d8d  __eqsf2                         
00002d8d  __lesf2                         
00002d8d  __ltsf2                         
00002d8d  __nesf2                         
00002dc9  __muldsi3                       
00002e05  SYSCFG_DL_TIMER_0_init          
00002e3d  __aeabi_f2iz                    
00002e3d  __fixsfsi                       
00002e75  DL_I2C_setClockConfig           
00002ea9  DL_Timer_setCaptCompUpdateMethod
00002edd  DL_Timer_setCaptureCompareAction
00002f11  DL_Timer_setCaptureCompareInput 
00002f45  DL_Timer_setClockConfig         
00002f79  Motor_Init                      
00002fad  DL_Timer_setCaptureCompareValue 
00003051  DL_UART_transmitDataBlocking    
00003079  SYSCFG_DL_init                  
000030a1  _c_int00_noargs                 
000030c9  DL_UART_setClockConfig          
0000310d  UART0_IRQHandler                
0000312d  UART1_IRQHandler                
00003169  SYSCFG_DL_SYSCTL_init           
00003185  UART_Init                       
00003213  __TI_zero_init_nomemset         
00003229  DL_Common_delayCycles           
0000323d  __TI_decompress_none            
00003251  Encoder_Get_Freq2               
00003261  Encoder_Get_Freq                
00003271  UART_SendByte                   
00003281  __aeabi_memcpy                  
00003281  __aeabi_memcpy4                 
00003281  __aeabi_memcpy8                 
00003289  Reset_Handler                   
0000328d  _system_pre_init                
00003290  C$$EXIT                         
00003291  abort                           
000032a0  OLED_F8x16                      
000038f0  __TI_Handler_Table_Base         
000038fc  __TI_Handler_Table_Limit        
0000390c  __TI_CINIT_Base                 
0000391c  __TI_CINIT_Limit                
0000391c  __TI_CINIT_Warm                 
20000000  Motor1_PID                      
20000000  __start___llvm_prf_bits         
20000000  __start___llvm_prf_cnts         
20000000  __stop___llvm_prf_bits          
20000000  __stop___llvm_prf_cnts          
20000024  Motor2_PID                      
20000048  Sensor_PID                      
2000006c  sensor                          
20000074  Encoder_Capture1                
20000078  Encoder_Capture2                
2000007c  decide                          
20000080  error                           
20000084  gCaptureCnt1                    
20000088  gCaptureCnt2                    
2000008c  UART1_RxPacket                  
2000008d  UART_PID                        
20000090  APWM                            
20000094  BPWM                            
20000098  SPWM                            
2000009c  Total_ERROR                     
200000a0  freq2                           
200000a4  freq                            
200000a8  Sensor_Deviation                
200000aa  Turn_Flag                       
20000f00  __stack                         
20001000  __STACK_END                     
ffffffff  __TI_pprof_out_hndl             
ffffffff  __TI_prof_data_size             
ffffffff  __TI_prof_data_start            
ffffffff  __binit__                       
ffffffff  binit                           
UNDEFED   __mpu_init                      
UNDEFED   _system_post_cinit              

[165 symbols]
