<?xml version="1.0" encoding="ISO-8859-1" ?>
<link_info>
   <banner>TI ARM Clang Linker PC v3.2.2.LTS</banner>
   <copyright>Copyright (c) 1996-2018 Texas Instruments Incorporated</copyright>
   <link_time>0x66910a55</link_time>
   <link_errors>0x0</link_errors>
   <output_file>D:\electric_racing\workspace_ccstheia\Car\Debug\Car.out</output_file>
   <entry_point>
      <name>_c_int00_noargs</name>
      <address>0x3201</address>
   </entry_point>
   <input_file_list>
      <input_file id="fl-1">
         <path>D:\electric_racing\workspace_ccstheia\Car\Debug\.\</path>
         <kind>object</kind>
         <file>main.o</file>
         <name>main.o</name>
      </input_file>
      <input_file id="fl-2">
         <path>D:\electric_racing\workspace_ccstheia\Car\Debug\.\</path>
         <kind>object</kind>
         <file>ti_msp_dl_config.o</file>
         <name>ti_msp_dl_config.o</name>
      </input_file>
      <input_file id="fl-3">
         <path>D:\electric_racing\workspace_ccstheia\Car\Debug\.\</path>
         <kind>object</kind>
         <file>startup_mspm0l130x_ticlang.o</file>
         <name>startup_mspm0l130x_ticlang.o</name>
      </input_file>
      <input_file id="fl-4">
         <path>D:\electric_racing\workspace_ccstheia\Car\Debug\.\Hardware\</path>
         <kind>object</kind>
         <file>Control.o</file>
         <name>Control.o</name>
      </input_file>
      <input_file id="fl-5">
         <path>D:\electric_racing\workspace_ccstheia\Car\Debug\.\Hardware\</path>
         <kind>object</kind>
         <file>Encoder.o</file>
         <name>Encoder.o</name>
      </input_file>
      <input_file id="fl-6">
         <path>D:\electric_racing\workspace_ccstheia\Car\Debug\.\Hardware\</path>
         <kind>object</kind>
         <file>HCSR04.o</file>
         <name>HCSR04.o</name>
      </input_file>
      <input_file id="fl-7">
         <path>D:\electric_racing\workspace_ccstheia\Car\Debug\.\Hardware\</path>
         <kind>object</kind>
         <file>Motor.o</file>
         <name>Motor.o</name>
      </input_file>
      <input_file id="fl-8">
         <path>D:\electric_racing\workspace_ccstheia\Car\Debug\.\Hardware\</path>
         <kind>object</kind>
         <file>OLED.o</file>
         <name>OLED.o</name>
      </input_file>
      <input_file id="fl-9">
         <path>D:\electric_racing\workspace_ccstheia\Car\Debug\.\Hardware\</path>
         <kind>object</kind>
         <file>PID.o</file>
         <name>PID.o</name>
      </input_file>
      <input_file id="fl-a">
         <path>D:\electric_racing\workspace_ccstheia\Car\Debug\.\Hardware\</path>
         <kind>object</kind>
         <file>Sensor.o</file>
         <name>Sensor.o</name>
      </input_file>
      <input_file id="fl-b">
         <path>D:\electric_racing\workspace_ccstheia\Car\Debug\.\System\</path>
         <kind>object</kind>
         <file>Delay.o</file>
         <name>Delay.o</name>
      </input_file>
      <input_file id="fl-c">
         <path>D:\electric_racing\workspace_ccstheia\Car\Debug\.\System\</path>
         <kind>object</kind>
         <file>UART.o</file>
         <name>UART.o</name>
      </input_file>
      <input_file id="fl-19">
         <path>D:\electric_racing\workspace_ccstheia\Car\Debug\</path>
         <kind>object</kind>
         <file>&lt;internal&gt;</file>
         <name>&lt;internal&gt;</name>
      </input_file>
      <input_file id="fl-1a">
         <path>D:\APP_INSTALL_CONTENT\CCSThia\mspm0_sdk_2_01_00_03\source\ti\driverlib\lib\ticlang\m0p\mspm0l11xx_l13xx\</path>
         <kind>archive</kind>
         <file>driverlib.a</file>
         <name>dl_common.o</name>
      </input_file>
      <input_file id="fl-1b">
         <path>D:\APP_INSTALL_CONTENT\CCSThia\mspm0_sdk_2_01_00_03\source\ti\driverlib\lib\ticlang\m0p\mspm0l11xx_l13xx\</path>
         <kind>archive</kind>
         <file>driverlib.a</file>
         <name>dl_i2c.o</name>
      </input_file>
      <input_file id="fl-1c">
         <path>D:\APP_INSTALL_CONTENT\CCSThia\mspm0_sdk_2_01_00_03\source\ti\driverlib\lib\ticlang\m0p\mspm0l11xx_l13xx\</path>
         <kind>archive</kind>
         <file>driverlib.a</file>
         <name>dl_timer.o</name>
      </input_file>
      <input_file id="fl-1d">
         <path>D:\APP_INSTALL_CONTENT\CCSThia\mspm0_sdk_2_01_00_03\source\ti\driverlib\lib\ticlang\m0p\mspm0l11xx_l13xx\</path>
         <kind>archive</kind>
         <file>driverlib.a</file>
         <name>dl_uart.o</name>
      </input_file>
      <input_file id="fl-2c">
         <path>D:\APP_INSTALL_CONTENT\CCSThia\ccs\tools\compiler\ti-cgt-armllvm_3.2.2.LTS\lib\armv6m-ti-none-eabi\c\</path>
         <kind>archive</kind>
         <file>libc.a</file>
         <name>vsprintf.c.obj</name>
      </input_file>
      <input_file id="fl-2d">
         <path>D:\APP_INSTALL_CONTENT\CCSThia\ccs\tools\compiler\ti-cgt-armllvm_3.2.2.LTS\lib\armv6m-ti-none-eabi\c\</path>
         <kind>archive</kind>
         <file>libc.a</file>
         <name>boot_cortex_m.c.obj</name>
      </input_file>
      <input_file id="fl-2e">
         <path>D:\APP_INSTALL_CONTENT\CCSThia\ccs\tools\compiler\ti-cgt-armllvm_3.2.2.LTS\lib\armv6m-ti-none-eabi\c\</path>
         <kind>archive</kind>
         <file>libc.a</file>
         <name>mathacl_init.c.obj</name>
      </input_file>
      <input_file id="fl-2f">
         <path>D:\APP_INSTALL_CONTENT\CCSThia\ccs\tools\compiler\ti-cgt-armllvm_3.2.2.LTS\lib\armv6m-ti-none-eabi\c\</path>
         <kind>archive</kind>
         <file>libc.a</file>
         <name>autoinit.c.obj</name>
      </input_file>
      <input_file id="fl-30">
         <path>D:\APP_INSTALL_CONTENT\CCSThia\ccs\tools\compiler\ti-cgt-armllvm_3.2.2.LTS\lib\armv6m-ti-none-eabi\c\</path>
         <kind>archive</kind>
         <file>libc.a</file>
         <name>pre_init.c.obj</name>
      </input_file>
      <input_file id="fl-31">
         <path>D:\APP_INSTALL_CONTENT\CCSThia\ccs\tools\compiler\ti-cgt-armllvm_3.2.2.LTS\lib\armv6m-ti-none-eabi\c\</path>
         <kind>archive</kind>
         <file>libc.a</file>
         <name>cpy_tbl.c.obj</name>
      </input_file>
      <input_file id="fl-32">
         <path>D:\APP_INSTALL_CONTENT\CCSThia\ccs\tools\compiler\ti-cgt-armllvm_3.2.2.LTS\lib\armv6m-ti-none-eabi\c\</path>
         <kind>archive</kind>
         <file>libc.a</file>
         <name>copy_zero_init.c.obj</name>
      </input_file>
      <input_file id="fl-33">
         <path>D:\APP_INSTALL_CONTENT\CCSThia\ccs\tools\compiler\ti-cgt-armllvm_3.2.2.LTS\lib\armv6m-ti-none-eabi\c\</path>
         <kind>archive</kind>
         <file>libc.a</file>
         <name>copy_decompress_none.c.obj</name>
      </input_file>
      <input_file id="fl-34">
         <path>D:\APP_INSTALL_CONTENT\CCSThia\ccs\tools\compiler\ti-cgt-armllvm_3.2.2.LTS\lib\armv6m-ti-none-eabi\c\</path>
         <kind>archive</kind>
         <file>libc.a</file>
         <name>copy_decompress_lzss.c.obj</name>
      </input_file>
      <input_file id="fl-35">
         <path>D:\APP_INSTALL_CONTENT\CCSThia\ccs\tools\compiler\ti-cgt-armllvm_3.2.2.LTS\lib\armv6m-ti-none-eabi\c\</path>
         <kind>archive</kind>
         <file>libc.a</file>
         <name>_printfi.c.obj</name>
      </input_file>
      <input_file id="fl-36">
         <path>D:\APP_INSTALL_CONTENT\CCSThia\ccs\tools\compiler\ti-cgt-armllvm_3.2.2.LTS\lib\armv6m-ti-none-eabi\c\</path>
         <kind>archive</kind>
         <file>libc.a</file>
         <name>s_frexp.c.obj</name>
      </input_file>
      <input_file id="fl-37">
         <path>D:\APP_INSTALL_CONTENT\CCSThia\ccs\tools\compiler\ti-cgt-armllvm_3.2.2.LTS\lib\armv6m-ti-none-eabi\c\</path>
         <kind>archive</kind>
         <file>libc.a</file>
         <name>s_scalbn.c.obj</name>
      </input_file>
      <input_file id="fl-38">
         <path>D:\APP_INSTALL_CONTENT\CCSThia\ccs\tools\compiler\ti-cgt-armllvm_3.2.2.LTS\lib\armv6m-ti-none-eabi\c\</path>
         <kind>archive</kind>
         <file>libc.a</file>
         <name>aeabi_portable.c.obj</name>
      </input_file>
      <input_file id="fl-39">
         <path>D:\APP_INSTALL_CONTENT\CCSThia\ccs\tools\compiler\ti-cgt-armllvm_3.2.2.LTS\lib\armv6m-ti-none-eabi\c\</path>
         <kind>archive</kind>
         <file>libc.a</file>
         <name>exit.c.obj</name>
      </input_file>
      <input_file id="fl-3a">
         <path>D:\APP_INSTALL_CONTENT\CCSThia\ccs\tools\compiler\ti-cgt-armllvm_3.2.2.LTS\lib\armv6m-ti-none-eabi\c\</path>
         <kind>archive</kind>
         <file>libc.a</file>
         <name>_lock.c.obj</name>
      </input_file>
      <input_file id="fl-3b">
         <path>D:\APP_INSTALL_CONTENT\CCSThia\ccs\tools\compiler\ti-cgt-armllvm_3.2.2.LTS\lib\armv6m-ti-none-eabi\c\</path>
         <kind>archive</kind>
         <file>libc.a</file>
         <name>_ltoa.c.obj</name>
      </input_file>
      <input_file id="fl-3c">
         <path>D:\APP_INSTALL_CONTENT\CCSThia\ccs\tools\compiler\ti-cgt-armllvm_3.2.2.LTS\lib\armv6m-ti-none-eabi\c\</path>
         <kind>archive</kind>
         <file>libc.a</file>
         <name>args_main.c.obj</name>
      </input_file>
      <input_file id="fl-3d">
         <path>D:\APP_INSTALL_CONTENT\CCSThia\ccs\tools\compiler\ti-cgt-armllvm_3.2.2.LTS\lib\armv6m-ti-none-eabi\c\</path>
         <kind>archive</kind>
         <file>libc.a</file>
         <name>assert.c.obj</name>
      </input_file>
      <input_file id="fl-3e">
         <path>D:\APP_INSTALL_CONTENT\CCSThia\ccs\tools\compiler\ti-cgt-armllvm_3.2.2.LTS\lib\armv6m-ti-none-eabi\c\</path>
         <kind>archive</kind>
         <file>libc.a</file>
         <name>atoi.c.obj</name>
      </input_file>
      <input_file id="fl-3f">
         <path>D:\APP_INSTALL_CONTENT\CCSThia\ccs\tools\compiler\ti-cgt-armllvm_3.2.2.LTS\lib\armv6m-ti-none-eabi\c\</path>
         <kind>archive</kind>
         <file>libc.a</file>
         <name>defs.c.obj</name>
      </input_file>
      <input_file id="fl-40">
         <path>D:\APP_INSTALL_CONTENT\CCSThia\ccs\tools\compiler\ti-cgt-armllvm_3.2.2.LTS\lib\armv6m-ti-none-eabi\c\</path>
         <kind>archive</kind>
         <file>libc.a</file>
         <name>memccpy.c.obj</name>
      </input_file>
      <input_file id="fl-41">
         <path>D:\APP_INSTALL_CONTENT\CCSThia\ccs\tools\compiler\ti-cgt-armllvm_3.2.2.LTS\lib\armv6m-ti-none-eabi\c\</path>
         <kind>archive</kind>
         <file>libc.a</file>
         <name>memory.c.obj</name>
      </input_file>
      <input_file id="fl-42">
         <path>D:\APP_INSTALL_CONTENT\CCSThia\ccs\tools\compiler\ti-cgt-armllvm_3.2.2.LTS\lib\armv6m-ti-none-eabi\c\</path>
         <kind>archive</kind>
         <file>libc.a</file>
         <name>wcslen.c.obj</name>
      </input_file>
      <input_file id="fl-43">
         <path>D:\APP_INSTALL_CONTENT\CCSThia\ccs\tools\compiler\ti-cgt-armllvm_3.2.2.LTS\lib\armv6m-ti-none-eabi\c\</path>
         <kind>archive</kind>
         <file>libc.a</file>
         <name>sprintf.c.obj</name>
      </input_file>
      <input_file id="fl-44">
         <path>D:\APP_INSTALL_CONTENT\CCSThia\ccs\tools\compiler\ti-cgt-armllvm_3.2.2.LTS\lib\armv6m-ti-none-eabi\c\</path>
         <kind>archive</kind>
         <file>libc.a</file>
         <name>fflush.c.obj</name>
      </input_file>
      <input_file id="fl-45">
         <path>D:\APP_INSTALL_CONTENT\CCSThia\ccs\tools\compiler\ti-cgt-armllvm_3.2.2.LTS\lib\armv6m-ti-none-eabi\c\</path>
         <kind>archive</kind>
         <file>libc.a</file>
         <name>fputs.c.obj</name>
      </input_file>
      <input_file id="fl-46">
         <path>D:\APP_INSTALL_CONTENT\CCSThia\ccs\tools\compiler\ti-cgt-armllvm_3.2.2.LTS\lib\armv6m-ti-none-eabi\c\</path>
         <kind>archive</kind>
         <file>libc.a</file>
         <name>_io_perm.c.obj</name>
      </input_file>
      <input_file id="fl-47">
         <path>D:\APP_INSTALL_CONTENT\CCSThia\ccs\tools\compiler\ti-cgt-armllvm_3.2.2.LTS\lib\armv6m-ti-none-eabi\c\</path>
         <kind>archive</kind>
         <file>libc.a</file>
         <name>setvbuf.c.obj</name>
      </input_file>
      <input_file id="fl-48">
         <path>D:\APP_INSTALL_CONTENT\CCSThia\ccs\tools\compiler\ti-cgt-armllvm_3.2.2.LTS\lib\armv6m-ti-none-eabi\c\</path>
         <kind>archive</kind>
         <file>libc.a</file>
         <name>aeabi_ctype.S.obj</name>
      </input_file>
      <input_file id="fl-49">
         <path>D:\APP_INSTALL_CONTENT\CCSThia\ccs\tools\compiler\ti-cgt-armllvm_3.2.2.LTS\lib\armv6m-ti-none-eabi\c\</path>
         <kind>archive</kind>
         <file>libc.a</file>
         <name>fopen.c.obj</name>
      </input_file>
      <input_file id="fl-4a">
         <path>D:\APP_INSTALL_CONTENT\CCSThia\ccs\tools\compiler\ti-cgt-armllvm_3.2.2.LTS\lib\armv6m-ti-none-eabi\c\</path>
         <kind>archive</kind>
         <file>libc.a</file>
         <name>fseek.c.obj</name>
      </input_file>
      <input_file id="fl-4b">
         <path>D:\APP_INSTALL_CONTENT\CCSThia\ccs\tools\compiler\ti-cgt-armllvm_3.2.2.LTS\lib\armv6m-ti-none-eabi\c\</path>
         <kind>archive</kind>
         <file>libc.a</file>
         <name>fclose.c.obj</name>
      </input_file>
      <input_file id="fl-b1">
         <path>D:\APP_INSTALL_CONTENT\CCSThia\ccs\tools\compiler\ti-cgt-armllvm_3.2.2.LTS\lib\armv6m-ti-none-eabi\c\</path>
         <kind>archive</kind>
         <file>libsysbm.a</file>
         <name>write.c.obj</name>
      </input_file>
      <input_file id="fl-b2">
         <path>D:\APP_INSTALL_CONTENT\CCSThia\ccs\tools\compiler\ti-cgt-armllvm_3.2.2.LTS\lib\armv6m-ti-none-eabi\c\</path>
         <kind>archive</kind>
         <file>libsysbm.a</file>
         <name>host_device.c.obj</name>
      </input_file>
      <input_file id="fl-b3">
         <path>D:\APP_INSTALL_CONTENT\CCSThia\ccs\tools\compiler\ti-cgt-armllvm_3.2.2.LTS\lib\armv6m-ti-none-eabi\c\</path>
         <kind>archive</kind>
         <file>libsysbm.a</file>
         <name>remove.c.obj</name>
      </input_file>
      <input_file id="fl-b4">
         <path>D:\APP_INSTALL_CONTENT\CCSThia\ccs\tools\compiler\ti-cgt-armllvm_3.2.2.LTS\lib\armv6m-ti-none-eabi\c\</path>
         <kind>archive</kind>
         <file>libsysbm.a</file>
         <name>open.c.obj</name>
      </input_file>
      <input_file id="fl-b5">
         <path>D:\APP_INSTALL_CONTENT\CCSThia\ccs\tools\compiler\ti-cgt-armllvm_3.2.2.LTS\lib\armv6m-ti-none-eabi\c\</path>
         <kind>archive</kind>
         <file>libsysbm.a</file>
         <name>lseek.c.obj</name>
      </input_file>
      <input_file id="fl-b6">
         <path>D:\APP_INSTALL_CONTENT\CCSThia\ccs\tools\compiler\ti-cgt-armllvm_3.2.2.LTS\lib\armv6m-ti-none-eabi\c\</path>
         <kind>archive</kind>
         <file>libsysbm.a</file>
         <name>close.c.obj</name>
      </input_file>
      <input_file id="fl-b7">
         <path>D:\APP_INSTALL_CONTENT\CCSThia\ccs\tools\compiler\ti-cgt-armllvm_3.2.2.LTS\lib\armv6m-ti-none-eabi\c\</path>
         <kind>archive</kind>
         <file>libsysbm.a</file>
         <name>unlink.c.obj</name>
      </input_file>
      <input_file id="fl-b8">
         <path>D:\APP_INSTALL_CONTENT\CCSThia\ccs\tools\compiler\ti-cgt-armllvm_3.2.2.LTS\lib\armv6m-ti-none-eabi\c\</path>
         <kind>archive</kind>
         <file>libsysbm.a</file>
         <name>hostclose.c.obj</name>
      </input_file>
      <input_file id="fl-b9">
         <path>D:\APP_INSTALL_CONTENT\CCSThia\ccs\tools\compiler\ti-cgt-armllvm_3.2.2.LTS\lib\armv6m-ti-none-eabi\c\</path>
         <kind>archive</kind>
         <file>libsysbm.a</file>
         <name>hostlseek.c.obj</name>
      </input_file>
      <input_file id="fl-ba">
         <path>D:\APP_INSTALL_CONTENT\CCSThia\ccs\tools\compiler\ti-cgt-armllvm_3.2.2.LTS\lib\armv6m-ti-none-eabi\c\</path>
         <kind>archive</kind>
         <file>libsysbm.a</file>
         <name>hostopen.c.obj</name>
      </input_file>
      <input_file id="fl-bb">
         <path>D:\APP_INSTALL_CONTENT\CCSThia\ccs\tools\compiler\ti-cgt-armllvm_3.2.2.LTS\lib\armv6m-ti-none-eabi\c\</path>
         <kind>archive</kind>
         <file>libsysbm.a</file>
         <name>hostread.c.obj</name>
      </input_file>
      <input_file id="fl-bc">
         <path>D:\APP_INSTALL_CONTENT\CCSThia\ccs\tools\compiler\ti-cgt-armllvm_3.2.2.LTS\lib\armv6m-ti-none-eabi\c\</path>
         <kind>archive</kind>
         <file>libsysbm.a</file>
         <name>hostrename.c.obj</name>
      </input_file>
      <input_file id="fl-bd">
         <path>D:\APP_INSTALL_CONTENT\CCSThia\ccs\tools\compiler\ti-cgt-armllvm_3.2.2.LTS\lib\armv6m-ti-none-eabi\c\</path>
         <kind>archive</kind>
         <file>libsysbm.a</file>
         <name>hostunlink.c.obj</name>
      </input_file>
      <input_file id="fl-be">
         <path>D:\APP_INSTALL_CONTENT\CCSThia\ccs\tools\compiler\ti-cgt-armllvm_3.2.2.LTS\lib\armv6m-ti-none-eabi\c\</path>
         <kind>archive</kind>
         <file>libsysbm.a</file>
         <name>hostwrite.c.obj</name>
      </input_file>
      <input_file id="fl-bf">
         <path>D:\APP_INSTALL_CONTENT\CCSThia\ccs\tools\compiler\ti-cgt-armllvm_3.2.2.LTS\lib\armv6m-ti-none-eabi\c\</path>
         <kind>archive</kind>
         <file>libsysbm.a</file>
         <name>trgmsg.c.obj</name>
      </input_file>
      <input_file id="fl-c0">
         <path>D:\APP_INSTALL_CONTENT\CCSThia\ccs\tools\compiler\ti-cgt-armllvm_3.2.2.LTS\lib\clang\15.0.7\lib\armv6m-ti-none-eabi\</path>
         <kind>archive</kind>
         <file>libclang_rt.builtins.a</file>
         <name>addsf3.S.obj</name>
      </input_file>
      <input_file id="fl-c1">
         <path>D:\APP_INSTALL_CONTENT\CCSThia\ccs\tools\compiler\ti-cgt-armllvm_3.2.2.LTS\lib\clang\15.0.7\lib\armv6m-ti-none-eabi\</path>
         <kind>archive</kind>
         <file>libclang_rt.builtins.a</file>
         <name>adddf3.S.obj</name>
      </input_file>
      <input_file id="fl-c2">
         <path>D:\APP_INSTALL_CONTENT\CCSThia\ccs\tools\compiler\ti-cgt-armllvm_3.2.2.LTS\lib\clang\15.0.7\lib\armv6m-ti-none-eabi\</path>
         <kind>archive</kind>
         <file>libclang_rt.builtins.a</file>
         <name>muldf3.S.obj</name>
      </input_file>
      <input_file id="fl-c3">
         <path>D:\APP_INSTALL_CONTENT\CCSThia\ccs\tools\compiler\ti-cgt-armllvm_3.2.2.LTS\lib\clang\15.0.7\lib\armv6m-ti-none-eabi\</path>
         <kind>archive</kind>
         <file>libclang_rt.builtins.a</file>
         <name>muldsi3.S.obj</name>
      </input_file>
      <input_file id="fl-c4">
         <path>D:\APP_INSTALL_CONTENT\CCSThia\ccs\tools\compiler\ti-cgt-armllvm_3.2.2.LTS\lib\clang\15.0.7\lib\armv6m-ti-none-eabi\</path>
         <kind>archive</kind>
         <file>libclang_rt.builtins.a</file>
         <name>mulsf3.S.obj</name>
      </input_file>
      <input_file id="fl-c5">
         <path>D:\APP_INSTALL_CONTENT\CCSThia\ccs\tools\compiler\ti-cgt-armllvm_3.2.2.LTS\lib\clang\15.0.7\lib\armv6m-ti-none-eabi\</path>
         <kind>archive</kind>
         <file>libclang_rt.builtins.a</file>
         <name>divdf3.S.obj</name>
      </input_file>
      <input_file id="fl-c6">
         <path>D:\APP_INSTALL_CONTENT\CCSThia\ccs\tools\compiler\ti-cgt-armllvm_3.2.2.LTS\lib\clang\15.0.7\lib\armv6m-ti-none-eabi\</path>
         <kind>archive</kind>
         <file>libclang_rt.builtins.a</file>
         <name>extendsfdf2.S.obj</name>
      </input_file>
      <input_file id="fl-c7">
         <path>D:\APP_INSTALL_CONTENT\CCSThia\ccs\tools\compiler\ti-cgt-armllvm_3.2.2.LTS\lib\clang\15.0.7\lib\armv6m-ti-none-eabi\</path>
         <kind>archive</kind>
         <file>libclang_rt.builtins.a</file>
         <name>fixdfsi.S.obj</name>
      </input_file>
      <input_file id="fl-c8">
         <path>D:\APP_INSTALL_CONTENT\CCSThia\ccs\tools\compiler\ti-cgt-armllvm_3.2.2.LTS\lib\clang\15.0.7\lib\armv6m-ti-none-eabi\</path>
         <kind>archive</kind>
         <file>libclang_rt.builtins.a</file>
         <name>fixsfsi.S.obj</name>
      </input_file>
      <input_file id="fl-c9">
         <path>D:\APP_INSTALL_CONTENT\CCSThia\ccs\tools\compiler\ti-cgt-armllvm_3.2.2.LTS\lib\clang\15.0.7\lib\armv6m-ti-none-eabi\</path>
         <kind>archive</kind>
         <file>libclang_rt.builtins.a</file>
         <name>floatsidf.S.obj</name>
      </input_file>
      <input_file id="fl-ca">
         <path>D:\APP_INSTALL_CONTENT\CCSThia\ccs\tools\compiler\ti-cgt-armllvm_3.2.2.LTS\lib\clang\15.0.7\lib\armv6m-ti-none-eabi\</path>
         <kind>archive</kind>
         <file>libclang_rt.builtins.a</file>
         <name>floatsisf.S.obj</name>
      </input_file>
      <input_file id="fl-cb">
         <path>D:\APP_INSTALL_CONTENT\CCSThia\ccs\tools\compiler\ti-cgt-armllvm_3.2.2.LTS\lib\clang\15.0.7\lib\armv6m-ti-none-eabi\</path>
         <kind>archive</kind>
         <file>libclang_rt.builtins.a</file>
         <name>muldi3.S.obj</name>
      </input_file>
      <input_file id="fl-cc">
         <path>D:\APP_INSTALL_CONTENT\CCSThia\ccs\tools\compiler\ti-cgt-armllvm_3.2.2.LTS\lib\clang\15.0.7\lib\armv6m-ti-none-eabi\</path>
         <kind>archive</kind>
         <file>libclang_rt.builtins.a</file>
         <name>truncdfsf2.S.obj</name>
      </input_file>
      <input_file id="fl-cd">
         <path>D:\APP_INSTALL_CONTENT\CCSThia\ccs\tools\compiler\ti-cgt-armllvm_3.2.2.LTS\lib\clang\15.0.7\lib\armv6m-ti-none-eabi\</path>
         <kind>archive</kind>
         <file>libclang_rt.builtins.a</file>
         <name>aeabi_dcmp.S.obj</name>
      </input_file>
      <input_file id="fl-ce">
         <path>D:\APP_INSTALL_CONTENT\CCSThia\ccs\tools\compiler\ti-cgt-armllvm_3.2.2.LTS\lib\clang\15.0.7\lib\armv6m-ti-none-eabi\</path>
         <kind>archive</kind>
         <file>libclang_rt.builtins.a</file>
         <name>aeabi_fcmp.S.obj</name>
      </input_file>
      <input_file id="fl-cf">
         <path>D:\APP_INSTALL_CONTENT\CCSThia\ccs\tools\compiler\ti-cgt-armllvm_3.2.2.LTS\lib\clang\15.0.7\lib\armv6m-ti-none-eabi\</path>
         <kind>archive</kind>
         <file>libclang_rt.builtins.a</file>
         <name>aeabi_idivmod.S.obj</name>
      </input_file>
      <input_file id="fl-d0">
         <path>D:\APP_INSTALL_CONTENT\CCSThia\ccs\tools\compiler\ti-cgt-armllvm_3.2.2.LTS\lib\clang\15.0.7\lib\armv6m-ti-none-eabi\</path>
         <kind>archive</kind>
         <file>libclang_rt.builtins.a</file>
         <name>aeabi_memcpy.S.obj</name>
      </input_file>
      <input_file id="fl-d1">
         <path>D:\APP_INSTALL_CONTENT\CCSThia\ccs\tools\compiler\ti-cgt-armllvm_3.2.2.LTS\lib\clang\15.0.7\lib\armv6m-ti-none-eabi\</path>
         <kind>archive</kind>
         <file>libclang_rt.builtins.a</file>
         <name>aeabi_memset.S.obj</name>
      </input_file>
      <input_file id="fl-d2">
         <path>D:\APP_INSTALL_CONTENT\CCSThia\ccs\tools\compiler\ti-cgt-armllvm_3.2.2.LTS\lib\clang\15.0.7\lib\armv6m-ti-none-eabi\</path>
         <kind>archive</kind>
         <file>libclang_rt.builtins.a</file>
         <name>aeabi_uidivmod.S.obj</name>
      </input_file>
      <input_file id="fl-d3">
         <path>D:\APP_INSTALL_CONTENT\CCSThia\ccs\tools\compiler\ti-cgt-armllvm_3.2.2.LTS\lib\clang\15.0.7\lib\armv6m-ti-none-eabi\</path>
         <kind>archive</kind>
         <file>libclang_rt.builtins.a</file>
         <name>aeabi_uldivmod.S.obj</name>
      </input_file>
      <input_file id="fl-d4">
         <path>D:\APP_INSTALL_CONTENT\CCSThia\ccs\tools\compiler\ti-cgt-armllvm_3.2.2.LTS\lib\clang\15.0.7\lib\armv6m-ti-none-eabi\</path>
         <kind>archive</kind>
         <file>libclang_rt.builtins.a</file>
         <name>comparesf2.S.obj</name>
      </input_file>
      <input_file id="fl-d5">
         <path>D:\APP_INSTALL_CONTENT\CCSThia\ccs\tools\compiler\ti-cgt-armllvm_3.2.2.LTS\lib\clang\15.0.7\lib\armv6m-ti-none-eabi\</path>
         <kind>archive</kind>
         <file>libclang_rt.builtins.a</file>
         <name>udivmoddi4.S.obj</name>
      </input_file>
      <input_file id="fl-d6">
         <path>D:\APP_INSTALL_CONTENT\CCSThia\ccs\tools\compiler\ti-cgt-armllvm_3.2.2.LTS\lib\clang\15.0.7\lib\armv6m-ti-none-eabi\</path>
         <kind>archive</kind>
         <file>libclang_rt.builtins.a</file>
         <name>ashldi3.S.obj</name>
      </input_file>
      <input_file id="fl-d7">
         <path>D:\APP_INSTALL_CONTENT\CCSThia\ccs\tools\compiler\ti-cgt-armllvm_3.2.2.LTS\lib\clang\15.0.7\lib\armv6m-ti-none-eabi\</path>
         <kind>archive</kind>
         <file>libclang_rt.builtins.a</file>
         <name>comparedf2.c.obj</name>
      </input_file>
      <input_file id="fl-d8">
         <path>D:\APP_INSTALL_CONTENT\CCSThia\ccs\tools\compiler\ti-cgt-armllvm_3.2.2.LTS\lib\clang\15.0.7\lib\armv6m-ti-none-eabi\</path>
         <kind>archive</kind>
         <file>libclang_rt.builtins.a</file>
         <name>aeabi_div0.c.obj</name>
      </input_file>
      <input_file id="fl-d9">
         <path>D:\APP_INSTALL_CONTENT\CCSThia\ccs\tools\compiler\ti-cgt-armllvm_3.2.2.LTS\lib\armv6m-ti-none-eabi\c\</path>
         <kind>archive</kind>
         <file>libc.a</file>
         <name>getdevice.c.obj</name>
      </input_file>
      <input_file id="fl-da">
         <path>D:\APP_INSTALL_CONTENT\CCSThia\ccs\tools\compiler\ti-cgt-armllvm_3.2.2.LTS\lib\armv6m-ti-none-eabi\c\</path>
         <kind>archive</kind>
         <file>libc.a</file>
         <name>memcpy16.S.obj</name>
      </input_file>
      <input_file id="fl-db">
         <path>D:\APP_INSTALL_CONTENT\CCSThia\ccs\tools\compiler\ti-cgt-armllvm_3.2.2.LTS\lib\armv6m-ti-none-eabi\c\</path>
         <kind>archive</kind>
         <file>libc.a</file>
         <name>memset16.S.obj</name>
      </input_file>
   </input_file_list>
   <object_component_list>
      <object_component id="oc-18">
         <name>.intvecs</name>
         <load_address>0x0</load_address>
         <readonly>true</readonly>
         <run_address>0x0</run_address>
         <size>0xc0</size>
         <alignment>0x4</alignment>
         <input_file_ref idref="fl-3"/>
      </object_component>
      <object_component id="oc-c5">
         <name>.text.OLED_Init</name>
         <load_address>0xc0</load_address>
         <readonly>true</readonly>
         <executable>true</executable>
         <run_address>0xc0</run_address>
         <size>0xa88</size>
         <alignment>0x4</alignment>
         <input_file_ref idref="fl-8"/>
      </object_component>
      <object_component id="oc-e2">
         <name>.text.OLED_ShowSignedNum</name>
         <load_address>0xb48</load_address>
         <readonly>true</readonly>
         <executable>true</executable>
         <run_address>0xb48</run_address>
         <size>0x438</size>
         <alignment>0x2</alignment>
         <input_file_ref idref="fl-8"/>
      </object_component>
      <object_component id="oc-e0">
         <name>.text.UART_SendNumber</name>
         <load_address>0xf80</load_address>
         <readonly>true</readonly>
         <executable>true</executable>
         <run_address>0xf80</run_address>
         <size>0x3c4</size>
         <alignment>0x2</alignment>
         <input_file_ref idref="fl-c"/>
      </object_component>
      <object_component id="oc-133">
         <name>.text.read_sensor_values</name>
         <load_address>0x1344</load_address>
         <readonly>true</readonly>
         <executable>true</executable>
         <run_address>0x1344</run_address>
         <size>0x348</size>
         <alignment>0x4</alignment>
         <input_file_ref idref="fl-a"/>
      </object_component>
      <object_component id="oc-12f">
         <name>.text.OLED_ShowChar</name>
         <load_address>0x168c</load_address>
         <readonly>true</readonly>
         <executable>true</executable>
         <run_address>0x168c</run_address>
         <size>0x2a8</size>
         <alignment>0x4</alignment>
         <input_file_ref idref="fl-8"/>
      </object_component>
      <object_component id="oc-97">
         <name>.text.main</name>
         <load_address>0x1934</load_address>
         <readonly>true</readonly>
         <executable>true</executable>
         <run_address>0x1934</run_address>
         <size>0x1e4</size>
         <alignment>0x4</alignment>
         <input_file_ref idref="fl-1"/>
      </object_component>
      <object_component id="oc-d7">
         <name>.text.adddf3_subdf3</name>
         <load_address>0x1b18</load_address>
         <readonly>true</readonly>
         <executable>true</executable>
         <run_address>0x1b18</run_address>
         <size>0x192</size>
         <alignment>0x4</alignment>
         <input_file_ref idref="fl-c1"/>
      </object_component>
      <object_component id="oc-33">
         <name>.text.Default_Handler</name>
         <load_address>0x1caa</load_address>
         <readonly>true</readonly>
         <executable>true</executable>
         <run_address>0x1caa</run_address>
         <size>0x2</size>
         <alignment>0x2</alignment>
         <input_file_ref idref="fl-3"/>
      </object_component>
      <object_component id="oc-129">
         <name>.text.OLED_SetCursor</name>
         <load_address>0x1cac</load_address>
         <readonly>true</readonly>
         <executable>true</executable>
         <run_address>0x1cac</run_address>
         <size>0x138</size>
         <alignment>0x4</alignment>
         <input_file_ref idref="fl-8"/>
      </object_component>
      <object_component id="oc-df">
         <name>.text.Conditional_Judgment</name>
         <load_address>0x1de4</load_address>
         <readonly>true</readonly>
         <executable>true</executable>
         <run_address>0x1de4</run_address>
         <size>0x118</size>
         <alignment>0x4</alignment>
         <input_file_ref idref="fl-4"/>
      </object_component>
      <object_component id="oc-15c">
         <name>.text.DL_Timer_initPWMMode</name>
         <load_address>0x1efc</load_address>
         <readonly>true</readonly>
         <executable>true</executable>
         <run_address>0x1efc</run_address>
         <size>0x110</size>
         <alignment>0x4</alignment>
         <input_file_ref idref="fl-1c"/>
      </object_component>
      <object_component id="oc-164">
         <name>.text.DL_Timer_initTimerMode</name>
         <load_address>0x200c</load_address>
         <readonly>true</readonly>
         <executable>true</executable>
         <run_address>0x200c</run_address>
         <size>0x100</size>
         <alignment>0x4</alignment>
         <input_file_ref idref="fl-1c"/>
      </object_component>
      <object_component id="oc-a7">
         <name>.text</name>
         <load_address>0x210c</load_address>
         <readonly>true</readonly>
         <executable>true</executable>
         <run_address>0x210c</run_address>
         <size>0xd8</size>
         <alignment>0x4</alignment>
         <input_file_ref idref="fl-c0"/>
      </object_component>
      <object_component id="oc-11d">
         <name>.text.SYSCFG_DL_GPIO_init</name>
         <load_address>0x21e4</load_address>
         <readonly>true</readonly>
         <executable>true</executable>
         <run_address>0x21e4</run_address>
         <size>0xd0</size>
         <alignment>0x4</alignment>
         <input_file_ref idref="fl-2"/>
      </object_component>
      <object_component id="oc-34">
         <name>.text.GROUP1_IRQHandler</name>
         <load_address>0x22b4</load_address>
         <readonly>true</readonly>
         <executable>true</executable>
         <run_address>0x22b4</run_address>
         <size>0xa0</size>
         <alignment>0x4</alignment>
         <input_file_ref idref="fl-5"/>
      </object_component>
      <object_component id="oc-76">
         <name>.text.addPID_realize</name>
         <load_address>0x2354</load_address>
         <readonly>true</readonly>
         <executable>true</executable>
         <run_address>0x2354</run_address>
         <size>0x9c</size>
         <alignment>0x4</alignment>
         <input_file_ref idref="fl-9"/>
      </object_component>
      <object_component id="oc-ba">
         <name>.text:memcpy</name>
         <load_address>0x23f0</load_address>
         <readonly>true</readonly>
         <executable>true</executable>
         <run_address>0x23f0</run_address>
         <size>0x9a</size>
         <alignment>0x1</alignment>
         <input_file_ref idref="fl-da"/>
      </object_component>
      <object_component id="oc-176">
         <name>.text.__aeabi_idiv0</name>
         <load_address>0x248a</load_address>
         <readonly>true</readonly>
         <executable>true</executable>
         <run_address>0x248a</run_address>
         <size>0x2</size>
         <alignment>0x2</alignment>
         <input_file_ref idref="fl-d8"/>
      </object_component>
      <object_component id="oc-ab">
         <name>.text.__mulsf3</name>
         <load_address>0x248c</load_address>
         <readonly>true</readonly>
         <executable>true</executable>
         <run_address>0x248c</run_address>
         <size>0x8c</size>
         <alignment>0x4</alignment>
         <input_file_ref idref="fl-c4"/>
      </object_component>
      <object_component id="oc-138">
         <name>.text.delay_ms</name>
         <load_address>0x2518</load_address>
         <readonly>true</readonly>
         <executable>true</executable>
         <run_address>0x2518</run_address>
         <size>0x8c</size>
         <alignment>0x4</alignment>
         <input_file_ref idref="fl-b"/>
      </object_component>
      <object_component id="oc-120">
         <name>.text.SYSCFG_DL_PWM_12_init</name>
         <load_address>0x25a4</load_address>
         <readonly>true</readonly>
         <executable>true</executable>
         <run_address>0x25a4</run_address>
         <size>0x88</size>
         <alignment>0x4</alignment>
         <input_file_ref idref="fl-2"/>
      </object_component>
      <object_component id="oc-136">
         <name>.text.PosionPID_realize</name>
         <load_address>0x262c</load_address>
         <readonly>true</readonly>
         <executable>true</executable>
         <run_address>0x262c</run_address>
         <size>0x80</size>
         <alignment>0x4</alignment>
         <input_file_ref idref="fl-9"/>
      </object_component>
      <object_component id="oc-121">
         <name>.text.SYSCFG_DL_PWM_34_init</name>
         <load_address>0x26ac</load_address>
         <readonly>true</readonly>
         <executable>true</executable>
         <run_address>0x26ac</run_address>
         <size>0x7c</size>
         <alignment>0x4</alignment>
         <input_file_ref idref="fl-2"/>
      </object_component>
      <object_component id="oc-39">
         <name>.text.TIMG1_IRQHandler</name>
         <load_address>0x2728</load_address>
         <readonly>true</readonly>
         <executable>true</executable>
         <run_address>0x2728</run_address>
         <size>0x78</size>
         <alignment>0x4</alignment>
         <input_file_ref idref="fl-4"/>
      </object_component>
      <object_component id="oc-1c">
         <name>.text:decompress:lzss</name>
         <load_address>0x27a0</load_address>
         <readonly>true</readonly>
         <executable>true</executable>
         <run_address>0x27a0</run_address>
         <size>0x78</size>
         <alignment>0x4</alignment>
         <input_file_ref idref="fl-34"/>
      </object_component>
      <object_component id="oc-4f">
         <name>.text.__aeabi_memcpy</name>
         <load_address>0x2818</load_address>
         <readonly>true</readonly>
         <executable>true</executable>
         <run_address>0x2818</run_address>
         <size>0x8</size>
         <alignment>0x4</alignment>
         <input_file_ref idref="fl-d0"/>
      </object_component>
      <object_component id="oc-db">
         <name>.text.__truncdfsf2</name>
         <load_address>0x2820</load_address>
         <readonly>true</readonly>
         <executable>true</executable>
         <run_address>0x2820</run_address>
         <size>0x74</size>
         <alignment>0x10</alignment>
         <input_file_ref idref="fl-cc"/>
      </object_component>
      <object_component id="oc-124">
         <name>.text.SYSCFG_DL_UART_0_init</name>
         <load_address>0x2894</load_address>
         <readonly>true</readonly>
         <executable>true</executable>
         <run_address>0x2894</run_address>
         <size>0x70</size>
         <alignment>0x4</alignment>
         <input_file_ref idref="fl-2"/>
      </object_component>
      <object_component id="oc-125">
         <name>.text.SYSCFG_DL_UART_1_init</name>
         <load_address>0x2904</load_address>
         <readonly>true</readonly>
         <executable>true</executable>
         <run_address>0x2904</run_address>
         <size>0x70</size>
         <alignment>0x4</alignment>
         <input_file_ref idref="fl-2"/>
      </object_component>
      <object_component id="oc-af">
         <name>.text.__aeabi_fcmp</name>
         <load_address>0x2974</load_address>
         <readonly>true</readonly>
         <executable>true</executable>
         <run_address>0x2974</run_address>
         <size>0x62</size>
         <alignment>0x4</alignment>
         <input_file_ref idref="fl-ce"/>
      </object_component>
      <object_component id="oc-d1">
         <name>.text.PID_Param_Init</name>
         <load_address>0x29d8</load_address>
         <readonly>true</readonly>
         <executable>true</executable>
         <run_address>0x29d8</run_address>
         <size>0x60</size>
         <alignment>0x4</alignment>
         <input_file_ref idref="fl-9"/>
      </object_component>
      <object_component id="oc-11c">
         <name>.text.SYSCFG_DL_initPower</name>
         <load_address>0x2a38</load_address>
         <readonly>true</readonly>
         <executable>true</executable>
         <run_address>0x2a38</run_address>
         <size>0x60</size>
         <alignment>0x4</alignment>
         <input_file_ref idref="fl-2"/>
      </object_component>
      <object_component id="oc-128">
         <name>.text.DL_I2C_fillControllerTXFIFO</name>
         <load_address>0x2a98</load_address>
         <readonly>true</readonly>
         <executable>true</executable>
         <run_address>0x2a98</run_address>
         <size>0x54</size>
         <alignment>0x2</alignment>
         <input_file_ref idref="fl-1b"/>
      </object_component>
      <object_component id="oc-d2">
         <name>.text.OLED_ShowString</name>
         <load_address>0x2aec</load_address>
         <readonly>true</readonly>
         <executable>true</executable>
         <run_address>0x2aec</run_address>
         <size>0x54</size>
         <alignment>0x2</alignment>
         <input_file_ref idref="fl-8"/>
      </object_component>
      <object_component id="oc-123">
         <name>.text.SYSCFG_DL_I2C_0_init</name>
         <load_address>0x2b40</load_address>
         <readonly>true</readonly>
         <executable>true</executable>
         <run_address>0x2b40</run_address>
         <size>0x54</size>
         <alignment>0x4</alignment>
         <input_file_ref idref="fl-2"/>
      </object_component>
      <object_component id="oc-16a">
         <name>.text.DL_UART_init</name>
         <load_address>0x2b94</load_address>
         <readonly>true</readonly>
         <executable>true</executable>
         <run_address>0x2b94</run_address>
         <size>0x4c</size>
         <alignment>0x4</alignment>
         <input_file_ref idref="fl-1d"/>
      </object_component>
      <object_component id="oc-13e">
         <name>.text.Motor1_SetSpeed</name>
         <load_address>0x2be0</load_address>
         <readonly>true</readonly>
         <executable>true</executable>
         <run_address>0x2be0</run_address>
         <size>0x44</size>
         <alignment>0x4</alignment>
         <input_file_ref idref="fl-7"/>
      </object_component>
      <object_component id="oc-13f">
         <name>.text.Motor2_SetSpeed</name>
         <load_address>0x2c24</load_address>
         <readonly>true</readonly>
         <executable>true</executable>
         <run_address>0x2c24</run_address>
         <size>0x44</size>
         <alignment>0x4</alignment>
         <input_file_ref idref="fl-7"/>
      </object_component>
      <object_component id="oc-cc">
         <name>.text.Motor_Init</name>
         <load_address>0x2c68</load_address>
         <readonly>true</readonly>
         <executable>true</executable>
         <run_address>0x2c68</run_address>
         <size>0x44</size>
         <alignment>0x4</alignment>
         <input_file_ref idref="fl-7"/>
      </object_component>
      <object_component id="oc-e1">
         <name>.text.UART_SendString</name>
         <load_address>0x2cac</load_address>
         <readonly>true</readonly>
         <executable>true</executable>
         <run_address>0x2cac</run_address>
         <size>0x42</size>
         <alignment>0x2</alignment>
         <input_file_ref idref="fl-c"/>
      </object_component>
      <object_component id="oc-15d">
         <name>.text.DL_Timer_setCaptureCompareOutCtl</name>
         <load_address>0x2cf0</load_address>
         <readonly>true</readonly>
         <executable>true</executable>
         <run_address>0x2cf0</run_address>
         <size>0x40</size>
         <alignment>0x4</alignment>
         <input_file_ref idref="fl-1c"/>
      </object_component>
      <object_component id="oc-140">
         <name>.text.Motor3_SetSpeed</name>
         <load_address>0x2d30</load_address>
         <readonly>true</readonly>
         <executable>true</executable>
         <run_address>0x2d30</run_address>
         <size>0x40</size>
         <alignment>0x4</alignment>
         <input_file_ref idref="fl-7"/>
      </object_component>
      <object_component id="oc-141">
         <name>.text.Motor4_SetSpeed</name>
         <load_address>0x2d70</load_address>
         <readonly>true</readonly>
         <executable>true</executable>
         <run_address>0x2d70</run_address>
         <size>0x40</size>
         <alignment>0x4</alignment>
         <input_file_ref idref="fl-7"/>
      </object_component>
      <object_component id="oc-144">
         <name>.text.__aeabi_uidivmod</name>
         <load_address>0x2db0</load_address>
         <readonly>true</readonly>
         <executable>true</executable>
         <run_address>0x2db0</run_address>
         <size>0x40</size>
         <alignment>0x4</alignment>
         <input_file_ref idref="fl-d2"/>
      </object_component>
      <object_component id="oc-d3">
         <name>.text.__extendsfdf2</name>
         <load_address>0x2df0</load_address>
         <readonly>true</readonly>
         <executable>true</executable>
         <run_address>0x2df0</run_address>
         <size>0x40</size>
         <alignment>0x4</alignment>
         <input_file_ref idref="fl-c6"/>
      </object_component>
      <object_component id="oc-18a">
         <name>.text.DL_Timer_setCaptureCompareCtl</name>
         <load_address>0x2e30</load_address>
         <readonly>true</readonly>
         <executable>true</executable>
         <run_address>0x2e30</run_address>
         <size>0x3c</size>
         <alignment>0x4</alignment>
         <input_file_ref idref="fl-1c"/>
      </object_component>
      <object_component id="oc-72">
         <name>.text.__floatsisf</name>
         <load_address>0x2e6c</load_address>
         <readonly>true</readonly>
         <executable>true</executable>
         <run_address>0x2e6c</run_address>
         <size>0x3c</size>
         <alignment>0x4</alignment>
         <input_file_ref idref="fl-ca"/>
      </object_component>
      <object_component id="oc-113">
         <name>.text.__gtsf2</name>
         <load_address>0x2ea8</load_address>
         <readonly>true</readonly>
         <executable>true</executable>
         <run_address>0x2ea8</run_address>
         <size>0x3c</size>
         <alignment>0x4</alignment>
         <input_file_ref idref="fl-d4"/>
      </object_component>
      <object_component id="oc-f6">
         <name>.text:__TI_auto_init_nobinit_nopinit</name>
         <load_address>0x2ee4</load_address>
         <readonly>true</readonly>
         <executable>true</executable>
         <run_address>0x2ee4</run_address>
         <size>0x3c</size>
         <alignment>0x4</alignment>
         <input_file_ref idref="fl-2f"/>
      </object_component>
      <object_component id="oc-10e">
         <name>.text.__eqsf2</name>
         <load_address>0x2f20</load_address>
         <readonly>true</readonly>
         <executable>true</executable>
         <run_address>0x2f20</run_address>
         <size>0x3a</size>
         <alignment>0x4</alignment>
         <input_file_ref idref="fl-d4"/>
      </object_component>
      <object_component id="oc-109">
         <name>.text.__muldsi3</name>
         <load_address>0x2f5c</load_address>
         <readonly>true</readonly>
         <executable>true</executable>
         <run_address>0x2f5c</run_address>
         <size>0x3a</size>
         <alignment>0x4</alignment>
         <input_file_ref idref="fl-c3"/>
      </object_component>
      <object_component id="oc-122">
         <name>.text.SYSCFG_DL_TIMER_0_init</name>
         <load_address>0x2f98</load_address>
         <readonly>true</readonly>
         <executable>true</executable>
         <run_address>0x2f98</run_address>
         <size>0x38</size>
         <alignment>0x4</alignment>
         <input_file_ref idref="fl-2"/>
      </object_component>
      <object_component id="oc-6d">
         <name>.text.__fixsfsi</name>
         <load_address>0x2fd0</load_address>
         <readonly>true</readonly>
         <executable>true</executable>
         <run_address>0x2fd0</run_address>
         <size>0x38</size>
         <alignment>0x4</alignment>
         <input_file_ref idref="fl-c8"/>
      </object_component>
      <object_component id="oc-167">
         <name>.text.DL_I2C_setClockConfig</name>
         <load_address>0x3008</load_address>
         <readonly>true</readonly>
         <executable>true</executable>
         <run_address>0x3008</run_address>
         <size>0x34</size>
         <alignment>0x4</alignment>
         <input_file_ref idref="fl-1b"/>
      </object_component>
      <object_component id="oc-15e">
         <name>.text.DL_Timer_setCaptCompUpdateMethod</name>
         <load_address>0x303c</load_address>
         <readonly>true</readonly>
         <executable>true</executable>
         <run_address>0x303c</run_address>
         <size>0x34</size>
         <alignment>0x4</alignment>
         <input_file_ref idref="fl-1c"/>
      </object_component>
      <object_component id="oc-188">
         <name>.text.DL_Timer_setCaptureCompareAction</name>
         <load_address>0x3070</load_address>
         <readonly>true</readonly>
         <executable>true</executable>
         <run_address>0x3070</run_address>
         <size>0x34</size>
         <alignment>0x4</alignment>
         <input_file_ref idref="fl-1c"/>
      </object_component>
      <object_component id="oc-18b">
         <name>.text.DL_Timer_setCaptureCompareInput</name>
         <load_address>0x30a4</load_address>
         <readonly>true</readonly>
         <executable>true</executable>
         <run_address>0x30a4</run_address>
         <size>0x34</size>
         <alignment>0x2</alignment>
         <input_file_ref idref="fl-1c"/>
      </object_component>
      <object_component id="oc-15b">
         <name>.text.DL_Timer_setClockConfig</name>
         <load_address>0x30d8</load_address>
         <readonly>true</readonly>
         <executable>true</executable>
         <run_address>0x30d8</run_address>
         <size>0x34</size>
         <alignment>0x4</alignment>
         <input_file_ref idref="fl-1c"/>
      </object_component>
      <object_component id="oc-15f">
         <name>.text.DL_Timer_setCaptureCompareValue</name>
         <load_address>0x310c</load_address>
         <readonly>true</readonly>
         <executable>true</executable>
         <run_address>0x310c</run_address>
         <size>0x2c</size>
         <alignment>0x4</alignment>
         <input_file_ref idref="fl-1c"/>
      </object_component>
      <object_component id="oc-18d">
         <name>.text.DL_Common_updateReg</name>
         <load_address>0x3138</load_address>
         <readonly>true</readonly>
         <executable>true</executable>
         <run_address>0x3138</run_address>
         <size>0x28</size>
         <alignment>0x2</alignment>
         <input_file_ref idref="fl-1b"/>
      </object_component>
      <object_component id="oc-18c">
         <name>.text.DL_Common_updateReg</name>
         <load_address>0x3160</load_address>
         <readonly>true</readonly>
         <executable>true</executable>
         <run_address>0x3160</run_address>
         <size>0x28</size>
         <alignment>0x2</alignment>
         <input_file_ref idref="fl-1c"/>
      </object_component>
      <object_component id="oc-18f">
         <name>.text.DL_Common_updateReg</name>
         <load_address>0x3188</load_address>
         <readonly>true</readonly>
         <executable>true</executable>
         <run_address>0x3188</run_address>
         <size>0x28</size>
         <alignment>0x2</alignment>
         <input_file_ref idref="fl-1d"/>
      </object_component>
      <object_component id="oc-148">
         <name>.text.DL_UART_transmitDataBlocking</name>
         <load_address>0x31b0</load_address>
         <readonly>true</readonly>
         <executable>true</executable>
         <run_address>0x31b0</run_address>
         <size>0x28</size>
         <alignment>0x2</alignment>
         <input_file_ref idref="fl-1d"/>
      </object_component>
      <object_component id="oc-bf">
         <name>.text.SYSCFG_DL_init</name>
         <load_address>0x31d8</load_address>
         <readonly>true</readonly>
         <executable>true</executable>
         <run_address>0x31d8</run_address>
         <size>0x28</size>
         <alignment>0x2</alignment>
         <input_file_ref idref="fl-2"/>
      </object_component>
      <object_component id="oc-5f">
         <name>.text:_c_int00_noargs</name>
         <load_address>0x3200</load_address>
         <readonly>true</readonly>
         <executable>true</executable>
         <run_address>0x3200</run_address>
         <size>0x28</size>
         <alignment>0x4</alignment>
         <input_file_ref idref="fl-2d"/>
      </object_component>
      <object_component id="oc-169">
         <name>.text.DL_UART_setClockConfig</name>
         <load_address>0x3228</load_address>
         <readonly>true</readonly>
         <executable>true</executable>
         <run_address>0x3228</run_address>
         <size>0x24</size>
         <alignment>0x4</alignment>
         <input_file_ref idref="fl-1d"/>
      </object_component>
      <object_component id="oc-189">
         <name>.text.DL_Timer_setCounterValueAfterEnable</name>
         <load_address>0x324c</load_address>
         <readonly>true</readonly>
         <executable>true</executable>
         <run_address>0x324c</run_address>
         <size>0x20</size>
         <alignment>0x4</alignment>
         <input_file_ref idref="fl-1c"/>
      </object_component>
      <object_component id="oc-43">
         <name>.text.UART0_IRQHandler</name>
         <load_address>0x326c</load_address>
         <readonly>true</readonly>
         <executable>true</executable>
         <run_address>0x326c</run_address>
         <size>0x20</size>
         <alignment>0x4</alignment>
         <input_file_ref idref="fl-c"/>
      </object_component>
      <object_component id="oc-3e">
         <name>.text.UART1_IRQHandler</name>
         <load_address>0x328c</load_address>
         <readonly>true</readonly>
         <executable>true</executable>
         <run_address>0x328c</run_address>
         <size>0x20</size>
         <alignment>0x4</alignment>
         <input_file_ref idref="fl-c"/>
      </object_component>
      <object_component id="oc-16f">
         <name>.text.DL_I2C_isControllerTXFIFOFull</name>
         <load_address>0x32ac</load_address>
         <readonly>true</readonly>
         <executable>true</executable>
         <run_address>0x32ac</run_address>
         <size>0x1c</size>
         <alignment>0x4</alignment>
         <input_file_ref idref="fl-1b"/>
      </object_component>
      <object_component id="oc-11e">
         <name>.text.SYSCFG_DL_SYSCTL_init</name>
         <load_address>0x32c8</load_address>
         <readonly>true</readonly>
         <executable>true</executable>
         <run_address>0x32c8</run_address>
         <size>0x1c</size>
         <alignment>0x4</alignment>
         <input_file_ref idref="fl-2"/>
      </object_component>
      <object_component id="oc-c4">
         <name>.text.UART_Init</name>
         <load_address>0x32e4</load_address>
         <readonly>true</readonly>
         <executable>true</executable>
         <run_address>0x32e4</run_address>
         <size>0x1c</size>
         <alignment>0x4</alignment>
         <input_file_ref idref="fl-c"/>
      </object_component>
      <object_component id="oc-187">
         <name>.text.DL_Timer_setLoadValue</name>
         <load_address>0x3300</load_address>
         <readonly>true</readonly>
         <executable>true</executable>
         <run_address>0x3300</run_address>
         <size>0x18</size>
         <alignment>0x4</alignment>
         <input_file_ref idref="fl-1c"/>
      </object_component>
      <object_component id="oc-17c">
         <name>.text.DL_UART_isTXFIFOFull</name>
         <load_address>0x3318</load_address>
         <readonly>true</readonly>
         <executable>true</executable>
         <run_address>0x3318</run_address>
         <size>0x18</size>
         <alignment>0x4</alignment>
         <input_file_ref idref="fl-1d"/>
      </object_component>
      <object_component id="oc-170">
         <name>.text.DL_I2C_transmitControllerData</name>
         <load_address>0x3330</load_address>
         <readonly>true</readonly>
         <executable>true</executable>
         <run_address>0x3330</run_address>
         <size>0x16</size>
         <alignment>0x2</alignment>
         <input_file_ref idref="fl-1b"/>
      </object_component>
      <object_component id="oc-18e">
         <name>.text.DL_UART_disable</name>
         <load_address>0x3346</load_address>
         <readonly>true</readonly>
         <executable>true</executable>
         <run_address>0x3346</run_address>
         <size>0x16</size>
         <alignment>0x2</alignment>
         <input_file_ref idref="fl-1d"/>
      </object_component>
      <object_component id="oc-17d">
         <name>.text.DL_UART_transmitData</name>
         <load_address>0x335c</load_address>
         <readonly>true</readonly>
         <executable>true</executable>
         <run_address>0x335c</run_address>
         <size>0x16</size>
         <alignment>0x2</alignment>
         <input_file_ref idref="fl-1d"/>
      </object_component>
      <object_component id="oc-56">
         <name>.text:decompress:ZI:__TI_zero_init_nomemset</name>
         <load_address>0x3372</load_address>
         <readonly>true</readonly>
         <executable>true</executable>
         <run_address>0x3372</run_address>
         <size>0x16</size>
         <alignment>0x2</alignment>
         <input_file_ref idref="fl-32"/>
      </object_component>
      <object_component id="oc-137">
         <name>.text.Clear_Params</name>
         <load_address>0x3388</load_address>
         <readonly>true</readonly>
         <executable>true</executable>
         <run_address>0x3388</run_address>
         <size>0x14</size>
         <alignment>0x2</alignment>
         <input_file_ref idref="fl-9"/>
      </object_component>
      <object_component id="oc-15a">
         <name>.text.DL_Common_delayCycles</name>
         <load_address>0x339c</load_address>
         <readonly>true</readonly>
         <executable>true</executable>
         <run_address>0x339c</run_address>
         <size>0x14</size>
         <alignment>0x2</alignment>
         <input_file_ref idref="fl-1a"/>
      </object_component>
      <object_component id="oc-20">
         <name>.text:decompress:none</name>
         <load_address>0x33b0</load_address>
         <readonly>true</readonly>
         <executable>true</executable>
         <run_address>0x33b0</run_address>
         <size>0x12</size>
         <alignment>0x2</alignment>
         <input_file_ref idref="fl-33"/>
      </object_component>
      <object_component id="oc-71">
         <name>.text.Encoder_Get_Freq2</name>
         <load_address>0x33c4</load_address>
         <readonly>true</readonly>
         <executable>true</executable>
         <run_address>0x33c4</run_address>
         <size>0x10</size>
         <alignment>0x4</alignment>
         <input_file_ref idref="fl-5"/>
      </object_component>
      <object_component id="oc-6c">
         <name>.text.Encoder_Get_Freq</name>
         <load_address>0x33d4</load_address>
         <readonly>true</readonly>
         <executable>true</executable>
         <run_address>0x33d4</run_address>
         <size>0x10</size>
         <alignment>0x4</alignment>
         <input_file_ref idref="fl-5"/>
      </object_component>
      <object_component id="oc-172">
         <name>.text.UART_SendByte</name>
         <load_address>0x33e4</load_address>
         <readonly>true</readonly>
         <executable>true</executable>
         <run_address>0x33e4</run_address>
         <size>0xe</size>
         <alignment>0x2</alignment>
         <input_file_ref idref="fl-c"/>
      </object_component>
      <object_component id="oc-cb">
         <name>.text.Encoder_Init</name>
         <load_address>0x33f4</load_address>
         <readonly>true</readonly>
         <executable>true</executable>
         <run_address>0x33f4</run_address>
         <size>0xc</size>
         <alignment>0x4</alignment>
         <input_file_ref idref="fl-5"/>
      </object_component>
      <object_component id="oc-2f">
         <name>.text.Reset_Handler</name>
         <load_address>0x3400</load_address>
         <readonly>true</readonly>
         <executable>true</executable>
         <run_address>0x3400</run_address>
         <size>0x4</size>
         <alignment>0x2</alignment>
         <input_file_ref idref="fl-3"/>
      </object_component>
      <object_component id="oc-93">
         <name>.text._system_pre_init</name>
         <load_address>0x3404</load_address>
         <readonly>true</readonly>
         <executable>true</executable>
         <run_address>0x3404</run_address>
         <size>0x4</size>
         <alignment>0x2</alignment>
         <input_file_ref idref="fl-30"/>
      </object_component>
      <object_component id="oc-ef">
         <name>.text:abort</name>
         <load_address>0x3408</load_address>
         <readonly>true</readonly>
         <executable>true</executable>
         <run_address>0x3408</run_address>
         <size>0x4</size>
         <alignment>0x2</alignment>
         <input_file_ref idref="fl-39"/>
      </object_component>
      <object_component id="oc-1d2">
         <name>__TI_handler_table</name>
         <load_address>0x3a60</load_address>
         <readonly>true</readonly>
         <run_address>0x3a60</run_address>
         <size>0xc</size>
         <alignment>0x4</alignment>
      </object_component>
      <object_component id="oc-1d5">
         <name>.cinit..bss.load</name>
         <load_address>0x3a6c</load_address>
         <readonly>true</readonly>
         <run_address>0x3a6c</run_address>
         <size>0x8</size>
         <alignment>0x4</alignment>
      </object_component>
      <object_component id="oc-1d4">
         <name>.cinit..data.load</name>
         <load_address>0x3a74</load_address>
         <readonly>true</readonly>
         <run_address>0x3a74</run_address>
         <size>0x8</size>
         <alignment>0x1</alignment>
      </object_component>
      <object_component id="oc-1d3">
         <name>__TI_cinit_table</name>
         <load_address>0x3a7c</load_address>
         <readonly>true</readonly>
         <run_address>0x3a7c</run_address>
         <size>0x10</size>
         <alignment>0x4</alignment>
      </object_component>
      <object_component id="oc-171">
         <name>.rodata.OLED_F8x16</name>
         <load_address>0x3410</load_address>
         <readonly>true</readonly>
         <run_address>0x3410</run_address>
         <size>0x5f0</size>
         <alignment>0x1</alignment>
         <input_file_ref idref="fl-8"/>
      </object_component>
      <object_component id="oc-166">
         <name>.rodata.gTIMER_0TimerConfig</name>
         <load_address>0x3a00</load_address>
         <readonly>true</readonly>
         <run_address>0x3a00</run_address>
         <size>0x14</size>
         <alignment>0x4</alignment>
         <input_file_ref idref="fl-2"/>
      </object_component>
      <object_component id="oc-16c">
         <name>.rodata.gUART_0Config</name>
         <load_address>0x3a14</load_address>
         <readonly>true</readonly>
         <run_address>0x3a14</run_address>
         <size>0xa</size>
         <alignment>0x2</alignment>
         <input_file_ref idref="fl-2"/>
      </object_component>
      <object_component id="oc-16e">
         <name>.rodata.gUART_1Config</name>
         <load_address>0x3a1e</load_address>
         <readonly>true</readonly>
         <run_address>0x3a1e</run_address>
         <size>0xa</size>
         <alignment>0x2</alignment>
         <input_file_ref idref="fl-2"/>
      </object_component>
      <object_component id="oc-161">
         <name>.rodata.gPWM_12Config</name>
         <load_address>0x3a28</load_address>
         <readonly>true</readonly>
         <run_address>0x3a28</run_address>
         <size>0x8</size>
         <alignment>0x4</alignment>
         <input_file_ref idref="fl-2"/>
      </object_component>
      <object_component id="oc-163">
         <name>.rodata.gPWM_34Config</name>
         <load_address>0x3a30</load_address>
         <readonly>true</readonly>
         <run_address>0x3a30</run_address>
         <size>0x8</size>
         <alignment>0x4</alignment>
         <input_file_ref idref="fl-2"/>
      </object_component>
      <object_component id="oc-e4">
         <name>.rodata.str1.52501554851255701521</name>
         <load_address>0x3a38</load_address>
         <readonly>true</readonly>
         <run_address>0x3a38</run_address>
         <size>0x7</size>
         <alignment>0x1</alignment>
         <input_file_ref idref="fl-1"/>
      </object_component>
      <object_component id="oc-e3">
         <name>.rodata.str1.176328792963337784071</name>
         <load_address>0x3a3f</load_address>
         <readonly>true</readonly>
         <run_address>0x3a3f</run_address>
         <size>0x6</size>
         <alignment>0x1</alignment>
         <input_file_ref idref="fl-1"/>
      </object_component>
      <object_component id="oc-e5">
         <name>.rodata.str1.97993385775340092391</name>
         <load_address>0x3a45</load_address>
         <readonly>true</readonly>
         <run_address>0x3a45</run_address>
         <size>0x6</size>
         <alignment>0x1</alignment>
         <input_file_ref idref="fl-1"/>
      </object_component>
      <object_component id="oc-160">
         <name>.rodata.gPWM_12ClockConfig</name>
         <load_address>0x3a4b</load_address>
         <readonly>true</readonly>
         <run_address>0x3a4b</run_address>
         <size>0x3</size>
         <alignment>0x1</alignment>
         <input_file_ref idref="fl-2"/>
      </object_component>
      <object_component id="oc-162">
         <name>.rodata.gPWM_34ClockConfig</name>
         <load_address>0x3a4e</load_address>
         <readonly>true</readonly>
         <run_address>0x3a4e</run_address>
         <size>0x3</size>
         <alignment>0x1</alignment>
         <input_file_ref idref="fl-2"/>
      </object_component>
      <object_component id="oc-165">
         <name>.rodata.gTIMER_0ClockConfig</name>
         <load_address>0x3a51</load_address>
         <readonly>true</readonly>
         <run_address>0x3a51</run_address>
         <size>0x3</size>
         <alignment>0x1</alignment>
         <input_file_ref idref="fl-2"/>
      </object_component>
      <object_component id="oc-e7">
         <name>.rodata.str1.42969106790848045441</name>
         <load_address>0x3a54</load_address>
         <readonly>true</readonly>
         <run_address>0x3a54</run_address>
         <size>0x3</size>
         <alignment>0x1</alignment>
         <input_file_ref idref="fl-1"/>
      </object_component>
      <object_component id="oc-168">
         <name>.rodata.gI2C_0ClockConfig</name>
         <load_address>0x3a57</load_address>
         <readonly>true</readonly>
         <run_address>0x3a57</run_address>
         <size>0x2</size>
         <alignment>0x1</alignment>
         <input_file_ref idref="fl-2"/>
      </object_component>
      <object_component id="oc-16b">
         <name>.rodata.gUART_0ClockConfig</name>
         <load_address>0x3a59</load_address>
         <readonly>true</readonly>
         <run_address>0x3a59</run_address>
         <size>0x2</size>
         <alignment>0x1</alignment>
         <input_file_ref idref="fl-2"/>
      </object_component>
      <object_component id="oc-16d">
         <name>.rodata.gUART_1ClockConfig</name>
         <load_address>0x3a5b</load_address>
         <readonly>true</readonly>
         <run_address>0x3a5b</run_address>
         <size>0x2</size>
         <alignment>0x1</alignment>
         <input_file_ref idref="fl-2"/>
      </object_component>
      <object_component id="oc-19c">
         <name>.binit</name>
         <load_address>0x0</load_address>
         <readonly>true</readonly>
         <run_address>0x0</run_address>
         <size>0x0</size>
         <alignment>0x4</alignment>
      </object_component>
      <object_component id="oc-7c">
         <name>.data.freq</name>
         <load_address>0x200000a4</load_address>
         <readwrite>true</readwrite>
         <run_address>0x200000a4</run_address>
         <size>0x4</size>
         <alignment>0x4</alignment>
         <input_file_ref idref="fl-4"/>
      </object_component>
      <object_component id="oc-7d">
         <name>.data.freq2</name>
         <load_address>0x200000a0</load_address>
         <readwrite>true</readwrite>
         <run_address>0x200000a0</run_address>
         <size>0x4</size>
         <alignment>0x4</alignment>
         <input_file_ref idref="fl-4"/>
      </object_component>
      <object_component id="oc-7f">
         <name>.data.APWM</name>
         <load_address>0x20000090</load_address>
         <readwrite>true</readwrite>
         <run_address>0x20000090</run_address>
         <size>0x4</size>
         <alignment>0x4</alignment>
         <input_file_ref idref="fl-4"/>
      </object_component>
      <object_component id="oc-81">
         <name>.data.BPWM</name>
         <load_address>0x20000094</load_address>
         <readwrite>true</readwrite>
         <run_address>0x20000094</run_address>
         <size>0x4</size>
         <alignment>0x4</alignment>
         <input_file_ref idref="fl-4"/>
      </object_component>
      <object_component id="oc-e8">
         <name>.data.SPWM</name>
         <load_address>0x20000098</load_address>
         <readwrite>true</readwrite>
         <run_address>0x20000098</run_address>
         <size>0x4</size>
         <alignment>0x4</alignment>
         <input_file_ref idref="fl-4"/>
      </object_component>
      <object_component id="oc-e6">
         <name>.data.Total_ERROR</name>
         <load_address>0x2000009c</load_address>
         <readwrite>true</readwrite>
         <run_address>0x2000009c</run_address>
         <size>0x4</size>
         <alignment>0x4</alignment>
         <input_file_ref idref="fl-4"/>
      </object_component>
      <object_component id="oc-143">
         <name>.data.Turn_Flag</name>
         <load_address>0x200000aa</load_address>
         <readwrite>true</readwrite>
         <run_address>0x200000aa</run_address>
         <size>0x1</size>
         <alignment>0x1</alignment>
         <input_file_ref idref="fl-4"/>
      </object_component>
      <object_component id="oc-ec">
         <name>.data.Sensor_Deviation</name>
         <load_address>0x200000a8</load_address>
         <readwrite>true</readwrite>
         <run_address>0x200000a8</run_address>
         <size>0x2</size>
         <alignment>0x2</alignment>
         <input_file_ref idref="fl-a"/>
      </object_component>
      <object_component id="oc-68">
         <name>.common:gCaptureCnt1</name>
         <uninitialized>true</uninitialized>
         <readwrite>true</readwrite>
         <run_address>0x20000084</run_address>
         <size>0x4</size>
         <alignment>0x4</alignment>
      </object_component>
      <object_component id="oc-69">
         <name>.common:gCaptureCnt2</name>
         <uninitialized>true</uninitialized>
         <readwrite>true</readwrite>
         <run_address>0x20000088</run_address>
         <size>0x4</size>
         <alignment>0x4</alignment>
      </object_component>
      <object_component id="oc-66">
         <name>.common:Encoder_Capture1</name>
         <uninitialized>true</uninitialized>
         <readwrite>true</readwrite>
         <run_address>0x20000074</run_address>
         <size>0x4</size>
         <alignment>0x4</alignment>
      </object_component>
      <object_component id="oc-67">
         <name>.common:Encoder_Capture2</name>
         <uninitialized>true</uninitialized>
         <readwrite>true</readwrite>
         <run_address>0x20000078</run_address>
         <size>0x4</size>
         <alignment>0x4</alignment>
      </object_component>
      <object_component id="oc-e9">
         <name>.common:Sensor_PID</name>
         <uninitialized>true</uninitialized>
         <readwrite>true</readwrite>
         <run_address>0x20000048</run_address>
         <size>0x24</size>
         <alignment>0x4</alignment>
      </object_component>
      <object_component id="oc-7e">
         <name>.common:Motor1_PID</name>
         <uninitialized>true</uninitialized>
         <readwrite>true</readwrite>
         <run_address>0x20000000</run_address>
         <size>0x24</size>
         <alignment>0x4</alignment>
      </object_component>
      <object_component id="oc-80">
         <name>.common:Motor2_PID</name>
         <uninitialized>true</uninitialized>
         <readwrite>true</readwrite>
         <run_address>0x20000024</run_address>
         <size>0x24</size>
         <alignment>0x4</alignment>
      </object_component>
      <object_component id="oc-173">
         <name>.common:sensor</name>
         <uninitialized>true</uninitialized>
         <readwrite>true</readwrite>
         <run_address>0x2000006c</run_address>
         <size>0x8</size>
         <alignment>0x1</alignment>
      </object_component>
      <object_component id="oc-ea">
         <name>.common:error</name>
         <uninitialized>true</uninitialized>
         <readwrite>true</readwrite>
         <run_address>0x20000080</run_address>
         <size>0x4</size>
         <alignment>0x4</alignment>
      </object_component>
      <object_component id="oc-142">
         <name>.common:decide</name>
         <uninitialized>true</uninitialized>
         <readwrite>true</readwrite>
         <run_address>0x2000007c</run_address>
         <size>0x4</size>
         <alignment>0x4</alignment>
      </object_component>
      <object_component id="oc-89">
         <name>.common:UART_PID</name>
         <uninitialized>true</uninitialized>
         <readwrite>true</readwrite>
         <run_address>0x2000008d</run_address>
         <size>0x1</size>
         <alignment>0x1</alignment>
      </object_component>
      <object_component id="oc-85">
         <name>.common:UART1_RxPacket</name>
         <uninitialized>true</uninitialized>
         <readwrite>true</readwrite>
         <run_address>0x2000008c</run_address>
         <size>0x1</size>
         <alignment>0x1</alignment>
      </object_component>
      <object_component id="oc-1a">
         <name>.stack</name>
         <uninitialized>true</uninitialized>
         <readwrite>true</readwrite>
         <run_address>0x20000f00</run_address>
         <size>0x4</size>
         <alignment>0x4</alignment>
         <input_file_ref idref="fl-2d"/>
      </object_component>
      <object_component id="oc-1d7">
         <name>.stack</name>
         <uninitialized>true</uninitialized>
         <readwrite>true</readwrite>
         <run_address>0x20000f00</run_address>
         <size>0x0</size>
         <alignment>0x8</alignment>
      </object_component>
      <object_component id="oc-ed">
         <name>.debug_abbrev</name>
         <load_address>0x0</load_address>
         <run_address>0x0</run_address>
         <size>0x161</size>
         <alignment>0x1</alignment>
         <input_file_ref idref="fl-1"/>
      </object_component>
      <object_component id="oc-126">
         <name>.debug_abbrev</name>
         <load_address>0x161</load_address>
         <run_address>0x161</run_address>
         <size>0x234</size>
         <alignment>0x1</alignment>
         <input_file_ref idref="fl-2"/>
      </object_component>
      <object_component id="oc-44">
         <name>.debug_abbrev</name>
         <load_address>0x395</load_address>
         <run_address>0x395</run_address>
         <size>0x6d</size>
         <alignment>0x1</alignment>
         <input_file_ref idref="fl-3"/>
      </object_component>
      <object_component id="oc-82">
         <name>.debug_abbrev</name>
         <load_address>0x402</load_address>
         <run_address>0x402</run_address>
         <size>0x1df</size>
         <alignment>0x1</alignment>
         <input_file_ref idref="fl-4"/>
      </object_component>
      <object_component id="oc-6a">
         <name>.debug_abbrev</name>
         <load_address>0x5e1</load_address>
         <run_address>0x5e1</run_address>
         <size>0x16b</size>
         <alignment>0x1</alignment>
         <input_file_ref idref="fl-5"/>
      </object_component>
      <object_component id="oc-12c">
         <name>.debug_abbrev</name>
         <load_address>0x74c</load_address>
         <run_address>0x74c</run_address>
         <size>0x19f</size>
         <alignment>0x1</alignment>
         <input_file_ref idref="fl-7"/>
      </object_component>
      <object_component id="oc-12a">
         <name>.debug_abbrev</name>
         <load_address>0x8eb</load_address>
         <run_address>0x8eb</run_address>
         <size>0x228</size>
         <alignment>0x1</alignment>
         <input_file_ref idref="fl-8"/>
      </object_component>
      <object_component id="oc-b3">
         <name>.debug_abbrev</name>
         <load_address>0xb13</load_address>
         <run_address>0xb13</run_address>
         <size>0xc6</size>
         <alignment>0x1</alignment>
         <input_file_ref idref="fl-9"/>
      </object_component>
      <object_component id="oc-149">
         <name>.debug_abbrev</name>
         <load_address>0xbd9</load_address>
         <run_address>0xbd9</run_address>
         <size>0xce</size>
         <alignment>0x1</alignment>
         <input_file_ref idref="fl-a"/>
      </object_component>
      <object_component id="oc-174">
         <name>.debug_abbrev</name>
         <load_address>0xca7</load_address>
         <run_address>0xca7</run_address>
         <size>0x61</size>
         <alignment>0x1</alignment>
         <input_file_ref idref="fl-b"/>
      </object_component>
      <object_component id="oc-86">
         <name>.debug_abbrev</name>
         <load_address>0xd08</load_address>
         <run_address>0xd08</run_address>
         <size>0x279</size>
         <alignment>0x1</alignment>
         <input_file_ref idref="fl-c"/>
      </object_component>
      <object_component id="oc-46">
         <name>.debug_abbrev</name>
         <load_address>0xf81</load_address>
         <run_address>0xf81</run_address>
         <size>0xaf</size>
         <alignment>0x1</alignment>
         <input_file_ref idref="fl-2d"/>
      </object_component>
      <object_component id="oc-151">
         <name>.debug_abbrev</name>
         <load_address>0x1030</load_address>
         <run_address>0x1030</run_address>
         <size>0x186</size>
         <alignment>0x1</alignment>
         <input_file_ref idref="fl-2f"/>
      </object_component>
      <object_component id="oc-bd">
         <name>.debug_abbrev</name>
         <load_address>0x11b6</load_address>
         <run_address>0x11b6</run_address>
         <size>0x39</size>
         <alignment>0x1</alignment>
         <input_file_ref idref="fl-30"/>
      </object_component>
      <object_component id="oc-8c">
         <name>.debug_abbrev</name>
         <load_address>0x11ef</load_address>
         <run_address>0x11ef</run_address>
         <size>0xc2</size>
         <alignment>0x1</alignment>
         <input_file_ref idref="fl-32"/>
      </object_component>
      <object_component id="oc-53">
         <name>.debug_abbrev</name>
         <load_address>0x12b1</load_address>
         <run_address>0x12b1</run_address>
         <size>0x70</size>
         <alignment>0x1</alignment>
         <input_file_ref idref="fl-33"/>
      </object_component>
      <object_component id="oc-4b">
         <name>.debug_abbrev</name>
         <load_address>0x1321</load_address>
         <run_address>0x1321</run_address>
         <size>0x8d</size>
         <alignment>0x1</alignment>
         <input_file_ref idref="fl-34"/>
      </object_component>
      <object_component id="oc-14b">
         <name>.debug_abbrev</name>
         <load_address>0x13ae</load_address>
         <run_address>0x13ae</run_address>
         <size>0xb3</size>
         <alignment>0x1</alignment>
         <input_file_ref idref="fl-39"/>
      </object_component>
      <object_component id="oc-108">
         <name>.debug_abbrev</name>
         <load_address>0x1461</load_address>
         <run_address>0x1461</run_address>
         <size>0x27</size>
         <alignment>0x1</alignment>
         <input_file_ref idref="fl-c0"/>
      </object_component>
      <object_component id="oc-131">
         <name>.debug_abbrev</name>
         <load_address>0x1488</load_address>
         <run_address>0x1488</run_address>
         <size>0x27</size>
         <alignment>0x1</alignment>
         <input_file_ref idref="fl-c1"/>
      </object_component>
      <object_component id="oc-157">
         <name>.debug_abbrev</name>
         <load_address>0x14af</load_address>
         <run_address>0x14af</run_address>
         <size>0x27</size>
         <alignment>0x1</alignment>
         <input_file_ref idref="fl-c3"/>
      </object_component>
      <object_component id="oc-10d">
         <name>.debug_abbrev</name>
         <load_address>0x14d6</load_address>
         <run_address>0x14d6</run_address>
         <size>0x27</size>
         <alignment>0x1</alignment>
         <input_file_ref idref="fl-c4"/>
      </object_component>
      <object_component id="oc-130">
         <name>.debug_abbrev</name>
         <load_address>0x14fd</load_address>
         <run_address>0x14fd</run_address>
         <size>0x27</size>
         <alignment>0x1</alignment>
         <input_file_ref idref="fl-c6"/>
      </object_component>
      <object_component id="oc-a5">
         <name>.debug_abbrev</name>
         <load_address>0x1524</load_address>
         <run_address>0x1524</run_address>
         <size>0x27</size>
         <alignment>0x1</alignment>
         <input_file_ref idref="fl-c8"/>
      </object_component>
      <object_component id="oc-a6">
         <name>.debug_abbrev</name>
         <load_address>0x154b</load_address>
         <run_address>0x154b</run_address>
         <size>0x27</size>
         <alignment>0x1</alignment>
         <input_file_ref idref="fl-ca"/>
      </object_component>
      <object_component id="oc-132">
         <name>.debug_abbrev</name>
         <load_address>0x1572</load_address>
         <run_address>0x1572</run_address>
         <size>0x27</size>
         <alignment>0x1</alignment>
[...]
         <object_component_ref idref="oc-33"/>
      </symbol>
      <symbol id="sm-98">
         <name>GROUP0_IRQHandler</name>
         <value>0x1cab</value>
         <object_component_ref idref="oc-33"/>
      </symbol>
      <symbol id="sm-99">
         <name>ADC0_IRQHandler</name>
         <value>0x1cab</value>
         <object_component_ref idref="oc-33"/>
      </symbol>
      <symbol id="sm-9a">
         <name>SPI0_IRQHandler</name>
         <value>0x1cab</value>
         <object_component_ref idref="oc-33"/>
      </symbol>
      <symbol id="sm-9b">
         <name>TIMG0_IRQHandler</name>
         <value>0x1cab</value>
         <object_component_ref idref="oc-33"/>
      </symbol>
      <symbol id="sm-9c">
         <name>TIMG2_IRQHandler</name>
         <value>0x1cab</value>
         <object_component_ref idref="oc-33"/>
      </symbol>
      <symbol id="sm-9d">
         <name>TIMG4_IRQHandler</name>
         <value>0x1cab</value>
         <object_component_ref idref="oc-33"/>
      </symbol>
      <symbol id="sm-9e">
         <name>I2C0_IRQHandler</name>
         <value>0x1cab</value>
         <object_component_ref idref="oc-33"/>
      </symbol>
      <symbol id="sm-9f">
         <name>I2C1_IRQHandler</name>
         <value>0x1cab</value>
         <object_component_ref idref="oc-33"/>
      </symbol>
      <symbol id="sm-a0">
         <name>DMA_IRQHandler</name>
         <value>0x1cab</value>
         <object_component_ref idref="oc-33"/>
      </symbol>
      <symbol id="sm-ae">
         <name>freq</name>
         <value>0x200000a4</value>
         <object_component_ref idref="oc-7c"/>
      </symbol>
      <symbol id="sm-af">
         <name>freq2</name>
         <value>0x200000a0</value>
         <object_component_ref idref="oc-7d"/>
      </symbol>
      <symbol id="sm-b0">
         <name>APWM</name>
         <value>0x20000090</value>
         <object_component_ref idref="oc-7f"/>
      </symbol>
      <symbol id="sm-b1">
         <name>BPWM</name>
         <value>0x20000094</value>
         <object_component_ref idref="oc-81"/>
      </symbol>
      <symbol id="sm-b2">
         <name>Conditional_Judgment</name>
         <value>0x1de5</value>
         <object_component_ref idref="oc-df"/>
      </symbol>
      <symbol id="sm-b3">
         <name>SPWM</name>
         <value>0x20000098</value>
         <object_component_ref idref="oc-e8"/>
      </symbol>
      <symbol id="sm-b4">
         <name>Turn_Flag</name>
         <value>0x200000aa</value>
         <object_component_ref idref="oc-143"/>
      </symbol>
      <symbol id="sm-b5">
         <name>Total_ERROR</name>
         <value>0x2000009c</value>
         <object_component_ref idref="oc-e6"/>
      </symbol>
      <symbol id="sm-b6">
         <name>TIMG1_IRQHandler</name>
         <value>0x2729</value>
         <object_component_ref idref="oc-39"/>
      </symbol>
      <symbol id="sm-c9">
         <name>Encoder_Init</name>
         <value>0x33f5</value>
         <object_component_ref idref="oc-cb"/>
      </symbol>
      <symbol id="sm-ca">
         <name>Encoder_Get_Freq</name>
         <value>0x33d5</value>
         <object_component_ref idref="oc-6c"/>
      </symbol>
      <symbol id="sm-cb">
         <name>gCaptureCnt1</name>
         <value>0x20000084</value>
      </symbol>
      <symbol id="sm-cc">
         <name>Encoder_Get_Freq2</name>
         <value>0x33c5</value>
         <object_component_ref idref="oc-71"/>
      </symbol>
      <symbol id="sm-cd">
         <name>gCaptureCnt2</name>
         <value>0x20000088</value>
      </symbol>
      <symbol id="sm-ce">
         <name>GROUP1_IRQHandler</name>
         <value>0x22b5</value>
         <object_component_ref idref="oc-34"/>
      </symbol>
      <symbol id="sm-cf">
         <name>Encoder_Capture1</name>
         <value>0x20000074</value>
      </symbol>
      <symbol id="sm-d0">
         <name>Encoder_Capture2</name>
         <value>0x20000078</value>
      </symbol>
      <symbol id="sm-e8">
         <name>Motor_Init</name>
         <value>0x2c69</value>
         <object_component_ref idref="oc-cc"/>
      </symbol>
      <symbol id="sm-e9">
         <name>Motor1_SetSpeed</name>
         <value>0x2be1</value>
         <object_component_ref idref="oc-13e"/>
      </symbol>
      <symbol id="sm-ea">
         <name>Motor2_SetSpeed</name>
         <value>0x2c25</value>
         <object_component_ref idref="oc-13f"/>
      </symbol>
      <symbol id="sm-eb">
         <name>Motor3_SetSpeed</name>
         <value>0x2d31</value>
         <object_component_ref idref="oc-140"/>
      </symbol>
      <symbol id="sm-ec">
         <name>Motor4_SetSpeed</name>
         <value>0x2d71</value>
         <object_component_ref idref="oc-141"/>
      </symbol>
      <symbol id="sm-11d">
         <name>OLED_SetCursor</name>
         <value>0x1cad</value>
         <object_component_ref idref="oc-129"/>
      </symbol>
      <symbol id="sm-11e">
         <name>OLED_ShowChar</name>
         <value>0x168d</value>
         <object_component_ref idref="oc-12f"/>
      </symbol>
      <symbol id="sm-11f">
         <name>OLED_F8x16</name>
         <value>0x3410</value>
         <object_component_ref idref="oc-171"/>
      </symbol>
      <symbol id="sm-120">
         <name>OLED_ShowString</name>
         <value>0x2aed</value>
         <object_component_ref idref="oc-d2"/>
      </symbol>
      <symbol id="sm-121">
         <name>OLED_ShowSignedNum</name>
         <value>0xb49</value>
         <object_component_ref idref="oc-e2"/>
      </symbol>
      <symbol id="sm-122">
         <name>OLED_Init</name>
         <value>0xc1</value>
         <object_component_ref idref="oc-c5"/>
      </symbol>
      <symbol id="sm-135">
         <name>PID_Param_Init</name>
         <value>0x29d9</value>
         <object_component_ref idref="oc-d1"/>
      </symbol>
      <symbol id="sm-136">
         <name>Sensor_PID</name>
         <value>0x20000048</value>
      </symbol>
      <symbol id="sm-137">
         <name>Motor1_PID</name>
         <value>0x20000000</value>
      </symbol>
      <symbol id="sm-138">
         <name>Motor2_PID</name>
         <value>0x20000024</value>
      </symbol>
      <symbol id="sm-139">
         <name>Clear_Params</name>
         <value>0x3389</value>
         <object_component_ref idref="oc-137"/>
      </symbol>
      <symbol id="sm-13a">
         <name>addPID_realize</name>
         <value>0x2355</value>
         <object_component_ref idref="oc-76"/>
      </symbol>
      <symbol id="sm-13b">
         <name>PosionPID_realize</name>
         <value>0x262d</value>
         <object_component_ref idref="oc-136"/>
      </symbol>
      <symbol id="sm-144">
         <name>read_sensor_values</name>
         <value>0x1345</value>
         <object_component_ref idref="oc-133"/>
      </symbol>
      <symbol id="sm-145">
         <name>sensor</name>
         <value>0x2000006c</value>
      </symbol>
      <symbol id="sm-146">
         <name>error</name>
         <value>0x20000080</value>
      </symbol>
      <symbol id="sm-147">
         <name>decide</name>
         <value>0x2000007c</value>
      </symbol>
      <symbol id="sm-148">
         <name>Sensor_Deviation</name>
         <value>0x200000a8</value>
         <object_component_ref idref="oc-ec"/>
      </symbol>
      <symbol id="sm-153">
         <name>delay_ms</name>
         <value>0x2519</value>
         <object_component_ref idref="oc-138"/>
      </symbol>
      <symbol id="sm-16a">
         <name>UART_Init</name>
         <value>0x32e5</value>
         <object_component_ref idref="oc-c4"/>
      </symbol>
      <symbol id="sm-16b">
         <name>UART_SendByte</name>
         <value>0x33e5</value>
         <object_component_ref idref="oc-172"/>
      </symbol>
      <symbol id="sm-16c">
         <name>UART_SendString</name>
         <value>0x2cad</value>
         <object_component_ref idref="oc-e1"/>
      </symbol>
      <symbol id="sm-16d">
         <name>UART_SendNumber</name>
         <value>0xf81</value>
         <object_component_ref idref="oc-e0"/>
      </symbol>
      <symbol id="sm-16e">
         <name>UART_PID</name>
         <value>0x2000008d</value>
      </symbol>
      <symbol id="sm-16f">
         <name>UART1_RxPacket</name>
         <value>0x2000008c</value>
      </symbol>
      <symbol id="sm-170">
         <name>UART0_IRQHandler</name>
         <value>0x326d</value>
         <object_component_ref idref="oc-43"/>
      </symbol>
      <symbol id="sm-171">
         <name>UART1_IRQHandler</name>
         <value>0x328d</value>
         <object_component_ref idref="oc-3e"/>
      </symbol>
      <symbol id="sm-172">
         <name>__TI_ATRegion0_src_addr</name>
         <value>0x0</value>
      </symbol>
      <symbol id="sm-173">
         <name>__TI_ATRegion0_trg_addr</name>
         <value>0x0</value>
      </symbol>
      <symbol id="sm-174">
         <name>__TI_ATRegion0_region_sz</name>
         <value>0x0</value>
      </symbol>
      <symbol id="sm-175">
         <name>__TI_ATRegion1_src_addr</name>
         <value>0x0</value>
      </symbol>
      <symbol id="sm-176">
         <name>__TI_ATRegion1_trg_addr</name>
         <value>0x0</value>
      </symbol>
      <symbol id="sm-177">
         <name>__TI_ATRegion1_region_sz</name>
         <value>0x0</value>
      </symbol>
      <symbol id="sm-178">
         <name>__TI_ATRegion2_src_addr</name>
         <value>0x0</value>
      </symbol>
      <symbol id="sm-179">
         <name>__TI_ATRegion2_trg_addr</name>
         <value>0x0</value>
      </symbol>
      <symbol id="sm-17a">
         <name>__TI_ATRegion2_region_sz</name>
         <value>0x0</value>
      </symbol>
      <symbol id="sm-17d">
         <name>DL_Common_delayCycles</name>
         <value>0x339d</value>
         <object_component_ref idref="oc-15a"/>
      </symbol>
      <symbol id="sm-189">
         <name>DL_I2C_setClockConfig</name>
         <value>0x3009</value>
         <object_component_ref idref="oc-167"/>
      </symbol>
      <symbol id="sm-18a">
         <name>DL_I2C_fillControllerTXFIFO</name>
         <value>0x2a99</value>
         <object_component_ref idref="oc-128"/>
      </symbol>
      <symbol id="sm-1a8">
         <name>DL_Timer_setClockConfig</name>
         <value>0x30d9</value>
         <object_component_ref idref="oc-15b"/>
      </symbol>
      <symbol id="sm-1a9">
         <name>DL_Timer_initTimerMode</name>
         <value>0x200d</value>
         <object_component_ref idref="oc-164"/>
      </symbol>
      <symbol id="sm-1aa">
         <name>DL_Timer_setCaptureCompareValue</name>
         <value>0x310d</value>
         <object_component_ref idref="oc-15f"/>
      </symbol>
      <symbol id="sm-1ab">
         <name>DL_Timer_setCaptureCompareCtl</name>
         <value>0x2e31</value>
         <object_component_ref idref="oc-18a"/>
      </symbol>
      <symbol id="sm-1ac">
         <name>DL_Timer_setCaptureCompareInput</name>
         <value>0x30a5</value>
         <object_component_ref idref="oc-18b"/>
      </symbol>
      <symbol id="sm-1ad">
         <name>DL_Timer_initPWMMode</name>
         <value>0x1efd</value>
         <object_component_ref idref="oc-15c"/>
      </symbol>
      <symbol id="sm-1ae">
         <name>DL_Timer_setCaptureCompareAction</name>
         <value>0x3071</value>
         <object_component_ref idref="oc-188"/>
      </symbol>
      <symbol id="sm-1af">
         <name>DL_Timer_setCaptureCompareOutCtl</name>
         <value>0x2cf1</value>
         <object_component_ref idref="oc-15d"/>
      </symbol>
      <symbol id="sm-1b0">
         <name>DL_Timer_setCaptCompUpdateMethod</name>
         <value>0x303d</value>
         <object_component_ref idref="oc-15e"/>
      </symbol>
      <symbol id="sm-1c0">
         <name>DL_UART_init</name>
         <value>0x2b95</value>
         <object_component_ref idref="oc-16a"/>
      </symbol>
      <symbol id="sm-1c1">
         <name>DL_UART_setClockConfig</name>
         <value>0x3229</value>
         <object_component_ref idref="oc-169"/>
      </symbol>
      <symbol id="sm-1c2">
         <name>DL_UART_transmitDataBlocking</name>
         <value>0x31b1</value>
         <object_component_ref idref="oc-148"/>
      </symbol>
      <symbol id="sm-1ce">
         <name>_c_int00_noargs</name>
         <value>0x3201</value>
         <object_component_ref idref="oc-5f"/>
      </symbol>
      <symbol id="sm-1cf">
         <name>__stack</name>
         <value>0x20000f00</value>
         <object_component_ref idref="oc-1a"/>
      </symbol>
      <symbol id="sm-1db">
         <name>__TI_auto_init_nobinit_nopinit</name>
         <value>0x2ee5</value>
         <object_component_ref idref="oc-f6"/>
      </symbol>
      <symbol id="sm-1e3">
         <name>_system_pre_init</name>
         <value>0x3405</value>
         <object_component_ref idref="oc-93"/>
      </symbol>
      <symbol id="sm-1ee">
         <name>__TI_zero_init_nomemset</name>
         <value>0x3373</value>
         <object_component_ref idref="oc-56"/>
      </symbol>
      <symbol id="sm-1f7">
         <name>__TI_decompress_none</name>
         <value>0x33b1</value>
         <object_component_ref idref="oc-20"/>
      </symbol>
      <symbol id="sm-202">
         <name>__TI_decompress_lzss</name>
         <value>0x27a1</value>
         <object_component_ref idref="oc-1c"/>
      </symbol>
      <symbol id="sm-210">
         <name>abort</name>
         <value>0x3409</value>
         <object_component_ref idref="oc-ef"/>
      </symbol>
      <symbol id="sm-211">
         <name>C$$EXIT</name>
         <value>0x3408</value>
         <object_component_ref idref="oc-ef"/>
      </symbol>
      <symbol id="sm-237">
         <name>__aeabi_fadd</name>
         <value>0x2117</value>
         <object_component_ref idref="oc-a7"/>
      </symbol>
      <symbol id="sm-238">
         <name>__addsf3</name>
         <value>0x2117</value>
         <object_component_ref idref="oc-a7"/>
      </symbol>
      <symbol id="sm-239">
         <name>__aeabi_fsub</name>
         <value>0x210d</value>
         <object_component_ref idref="oc-a7"/>
      </symbol>
      <symbol id="sm-23a">
         <name>__subsf3</name>
         <value>0x210d</value>
         <object_component_ref idref="oc-a7"/>
      </symbol>
      <symbol id="sm-240">
         <name>__aeabi_dadd</name>
         <value>0x1b23</value>
         <object_component_ref idref="oc-d7"/>
      </symbol>
      <symbol id="sm-241">
         <name>__adddf3</name>
         <value>0x1b23</value>
         <object_component_ref idref="oc-d7"/>
      </symbol>
      <symbol id="sm-242">
         <name>__aeabi_dsub</name>
         <value>0x1b19</value>
         <object_component_ref idref="oc-d7"/>
      </symbol>
      <symbol id="sm-243">
         <name>__subdf3</name>
         <value>0x1b19</value>
         <object_component_ref idref="oc-d7"/>
      </symbol>
      <symbol id="sm-249">
         <name>__muldsi3</name>
         <value>0x2f5d</value>
         <object_component_ref idref="oc-109"/>
      </symbol>
      <symbol id="sm-24f">
         <name>__aeabi_fmul</name>
         <value>0x248d</value>
         <object_component_ref idref="oc-ab"/>
      </symbol>
      <symbol id="sm-250">
         <name>__mulsf3</name>
         <value>0x248d</value>
         <object_component_ref idref="oc-ab"/>
      </symbol>
      <symbol id="sm-256">
         <name>__aeabi_f2d</name>
         <value>0x2df1</value>
         <object_component_ref idref="oc-d3"/>
      </symbol>
      <symbol id="sm-257">
         <name>__extendsfdf2</name>
         <value>0x2df1</value>
         <object_component_ref idref="oc-d3"/>
      </symbol>
      <symbol id="sm-25d">
         <name>__aeabi_f2iz</name>
         <value>0x2fd1</value>
         <object_component_ref idref="oc-6d"/>
      </symbol>
      <symbol id="sm-25e">
         <name>__fixsfsi</name>
         <value>0x2fd1</value>
         <object_component_ref idref="oc-6d"/>
      </symbol>
      <symbol id="sm-264">
         <name>__aeabi_i2f</name>
         <value>0x2e6d</value>
         <object_component_ref idref="oc-72"/>
      </symbol>
      <symbol id="sm-265">
         <name>__floatsisf</name>
         <value>0x2e6d</value>
         <object_component_ref idref="oc-72"/>
      </symbol>
      <symbol id="sm-26c">
         <name>__aeabi_d2f</name>
         <value>0x2821</value>
         <object_component_ref idref="oc-db"/>
      </symbol>
      <symbol id="sm-26d">
         <name>__truncdfsf2</name>
         <value>0x2821</value>
         <object_component_ref idref="oc-db"/>
      </symbol>
      <symbol id="sm-273">
         <name>__aeabi_fcmpeq</name>
         <value>0x2975</value>
         <object_component_ref idref="oc-af"/>
      </symbol>
      <symbol id="sm-274">
         <name>__aeabi_fcmplt</name>
         <value>0x2989</value>
         <object_component_ref idref="oc-af"/>
      </symbol>
      <symbol id="sm-275">
         <name>__aeabi_fcmple</name>
         <value>0x299d</value>
         <object_component_ref idref="oc-af"/>
      </symbol>
      <symbol id="sm-276">
         <name>__aeabi_fcmpge</name>
         <value>0x29b1</value>
         <object_component_ref idref="oc-af"/>
      </symbol>
      <symbol id="sm-277">
         <name>__aeabi_fcmpgt</name>
         <value>0x29c5</value>
         <object_component_ref idref="oc-af"/>
      </symbol>
      <symbol id="sm-27d">
         <name>__aeabi_memcpy</name>
         <value>0x2819</value>
         <object_component_ref idref="oc-4f"/>
      </symbol>
      <symbol id="sm-27e">
         <name>__aeabi_memcpy4</name>
         <value>0x2819</value>
         <object_component_ref idref="oc-4f"/>
      </symbol>
      <symbol id="sm-27f">
         <name>__aeabi_memcpy8</name>
         <value>0x2819</value>
         <object_component_ref idref="oc-4f"/>
      </symbol>
      <symbol id="sm-285">
         <name>__aeabi_uidiv</name>
         <value>0x2db1</value>
         <object_component_ref idref="oc-144"/>
      </symbol>
      <symbol id="sm-286">
         <name>__aeabi_uidivmod</name>
         <value>0x2db1</value>
         <object_component_ref idref="oc-144"/>
      </symbol>
      <symbol id="sm-28f">
         <name>__eqsf2</name>
         <value>0x2f21</value>
         <object_component_ref idref="oc-10e"/>
      </symbol>
      <symbol id="sm-290">
         <name>__lesf2</name>
         <value>0x2f21</value>
         <object_component_ref idref="oc-10e"/>
      </symbol>
      <symbol id="sm-291">
         <name>__ltsf2</name>
         <value>0x2f21</value>
         <object_component_ref idref="oc-10e"/>
      </symbol>
      <symbol id="sm-292">
         <name>__nesf2</name>
         <value>0x2f21</value>
         <object_component_ref idref="oc-10e"/>
      </symbol>
      <symbol id="sm-293">
         <name>__cmpsf2</name>
         <value>0x2f21</value>
         <object_component_ref idref="oc-10e"/>
      </symbol>
      <symbol id="sm-294">
         <name>__gtsf2</name>
         <value>0x2ea9</value>
         <object_component_ref idref="oc-113"/>
      </symbol>
      <symbol id="sm-295">
         <name>__gesf2</name>
         <value>0x2ea9</value>
         <object_component_ref idref="oc-113"/>
      </symbol>
      <symbol id="sm-2a0">
         <name>__aeabi_idiv0</name>
         <value>0x248b</value>
         <object_component_ref idref="oc-176"/>
      </symbol>
      <symbol id="sm-2ba">
         <name>memcpy</name>
         <value>0x23f1</value>
         <object_component_ref idref="oc-ba"/>
      </symbol>
      <symbol id="sm-2bb">
         <name>__TI_static_base__</name>
         <value>0x0</value>
      </symbol>
      <symbol id="sm-2be">
         <name>__mpu_init</name>
         <value>0x0</value>
      </symbol>
      <symbol id="sm-2bf">
         <name>_system_post_cinit</name>
         <value>0x0</value>
      </symbol>
   </symbol_table>
   <title>Link successful</title>
</link_info>
