******************************************************************************
            TI ARM Clang Linker PC v3.2.2                      
******************************************************************************
>> Linked Sun Jun 30 17:54:14 2024

OUTPUT FILE NAME:   <gpio_software_poll_LP_MSPM0L1306_nortos_ticlang.out>
ENTRY POINT SYMBOL: "_c_int00_noinit_noargs"  address: 0000013d


MEMORY CONFIGURATION

         name            origin    length      used     unused   attr    fill
----------------------  --------  ---------  --------  --------  ----  --------
  FLASH                 00000000   0000fff8  000001b0  0000fe48  R  X
  SRAM                  20000000   00001000  00000100  00000f00  RW X
  BCR_CONFIG            41c00000   00000080  00000000  00000080  R   
  BSL_CONFIG            41c00100   00000080  00000000  00000080  R   


SEGMENT ALLOCATION MAP

run origin  load origin   length   init length attrs members
----------  ----------- ---------- ----------- ----- -------
00000000    00000000    000001b0   000001b0    r-x
  00000000    00000000    000000c0   000000c0    r-- .intvecs
  000000c0    000000c0    000000f0   000000f0    r-x .text
20000f00    20000f00    00000100   00000000    rw-
  20000f00    20000f00    00000100   00000000    rw- .stack


SECTION ALLOCATION MAP

 output                                  attributes/
section   page    origin      length       input sections
--------  ----  ----------  ----------   ----------------
.intvecs   0    00000000    000000c0     
                  00000000    000000c0     startup_mspm0l130x_ticlang.o (.intvecs)

.text      0    000000c0    000000f0     
                  000000c0    0000003c     main.o (.text.main)
                  000000fc    00000020     ti_msp_dl_config.o (.text.SYSCFG_DL_GPIO_init)
                  0000011c    00000020     ti_msp_dl_config.o (.text.SYSCFG_DL_initPower)
                  0000013c    00000020     libc.a : boot_cortex_m.c.obj (.text:_c_int00_noinit_noargs)
                  0000015c    0000001c     ti_msp_dl_config.o (.text.SYSCFG_DL_SYSCTL_init)
                  00000178    00000014     driverlib.a : dl_common.o (.text.DL_Common_delayCycles)
                  0000018c    00000010     ti_msp_dl_config.o (.text.SYSCFG_DL_init)
                  0000019c    00000004     startup_mspm0l130x_ticlang.o (.text.Reset_Handler)
                  000001a0    00000004     libc.a : pre_init.c.obj (.text._system_pre_init)
                  000001a4    00000004            : exit.c.obj (.text:abort)
                  000001a8    00000002     startup_mspm0l130x_ticlang.o (.text.Default_Handler)
                  000001aa    00000006     --HOLE-- [fill = 0]

.cinit     0    00000000    00000000     

.init_array 
*          0    00000000    00000000     UNINITIALIZED

.binit     0    00000000    00000000     

.stack     0    20000f00    00000100     UNINITIALIZED
                  20000f00    00000004     libc.a : boot_cortex_m.c.obj (.stack)
                  20000f04    000000fc     --HOLE--

__llvm_prf_cnts 
*          0    20000000    00000000     UNINITIALIZED

__llvm_prf_bits 
*          0    20000000    00000000     UNINITIALIZED

MODULE SUMMARY

       Module                         code   ro data   rw data
       ------                         ----   -------   -------
    .\
       startup_mspm0l130x_ticlang.o   6      192       0      
       ti_msp_dl_config.o             108    0         0      
       main.o                         60     0         0      
    +--+------------------------------+------+---------+---------+
       Total:                         174    192       0      
                                                              
    D:/APP_INSTALL_CONTENT/CCSThia/mspm0_sdk_2_01_00_03/source/ti/driverlib/lib/ticlang/m0p/mspm0l11xx_l13xx/driverlib.a
       dl_common.o                    20     0         0      
    +--+------------------------------+------+---------+---------+
       Total:                         20     0         0      
                                                              
    D:\APP_INSTALL_CONTENT\CCSThia\ccs\tools\compiler\ti-cgt-armllvm_3.2.2.LTS\lib\armv6m-ti-none-eabi/c/libc.a
       boot_cortex_m.c.obj            32     0         0      
       exit.c.obj                     4      0         0      
       pre_init.c.obj                 4      0         0      
    +--+------------------------------+------+---------+---------+
       Total:                         40     0         0      
                                                              
       Stack:                         0      0         256    
    +--+------------------------------+------+---------+---------+
       Grand Total:                   234    192       256    


GLOBAL SYMBOLS: SORTED ALPHABETICALLY BY Name 

address   name                    
-------   ----                    
000001a9  ADC0_IRQHandler         
000001a4  C$$EXIT                 
00000179  DL_Common_delayCycles   
000001a9  DMA_IRQHandler          
000001a9  Default_Handler         
000001a9  GROUP0_IRQHandler       
000001a9  GROUP1_IRQHandler       
000001a9  HardFault_Handler       
000001a9  I2C0_IRQHandler         
000001a9  I2C1_IRQHandler         
000001a9  NMI_Handler             
000001a9  PendSV_Handler          
0000019d  Reset_Handler           
000001a9  SPI0_IRQHandler         
000001a9  SVC_Handler             
000000fd  SYSCFG_DL_GPIO_init     
0000015d  SYSCFG_DL_SYSCTL_init   
0000018d  SYSCFG_DL_init          
0000011d  SYSCFG_DL_initPower     
000001a9  SysTick_Handler         
000001a9  TIMG0_IRQHandler        
000001a9  TIMG1_IRQHandler        
000001a9  TIMG2_IRQHandler        
000001a9  TIMG4_IRQHandler        
000001a9  UART0_IRQHandler        
000001a9  UART1_IRQHandler        
20001000  __STACK_END             
00000100  __STACK_SIZE            
00000000  __TI_ATRegion0_region_sz
00000000  __TI_ATRegion0_src_addr 
00000000  __TI_ATRegion0_trg_addr 
00000000  __TI_ATRegion1_region_sz
00000000  __TI_ATRegion1_src_addr 
00000000  __TI_ATRegion1_trg_addr 
00000000  __TI_ATRegion2_region_sz
00000000  __TI_ATRegion2_src_addr 
00000000  __TI_ATRegion2_trg_addr 
00000000  __TI_CINIT_Base         
00000000  __TI_CINIT_Limit        
00000000  __TI_CINIT_Warm         
ffffffff  __TI_pprof_out_hndl     
ffffffff  __TI_prof_data_size     
ffffffff  __TI_prof_data_start    
00000000  __TI_static_base__      
ffffffff  __binit__               
UNDEFED   __mpu_init              
20000f00  __stack                 
20000000  __start___llvm_prf_bits 
20000000  __start___llvm_prf_cnts 
20000000  __stop___llvm_prf_bits  
20000000  __stop___llvm_prf_cnts  
0000013d  _c_int00_noinit_noargs  
000001a1  _system_pre_init        
000001a5  abort                   
ffffffff  binit                   
00000000  interruptVectors        
000000c1  main                    


GLOBAL SYMBOLS: SORTED BY Symbol Address 

address   name                    
-------   ----                    
00000000  __TI_ATRegion0_region_sz
00000000  __TI_ATRegion0_src_addr 
00000000  __TI_ATRegion0_trg_addr 
00000000  __TI_ATRegion1_region_sz
00000000  __TI_ATRegion1_src_addr 
00000000  __TI_ATRegion1_trg_addr 
00000000  __TI_ATRegion2_region_sz
00000000  __TI_ATRegion2_src_addr 
00000000  __TI_ATRegion2_trg_addr 
00000000  __TI_CINIT_Base         
00000000  __TI_CINIT_Limit        
00000000  __TI_CINIT_Warm         
00000000  __TI_static_base__      
00000000  interruptVectors        
000000c1  main                    
000000fd  SYSCFG_DL_GPIO_init     
00000100  __STACK_SIZE            
0000011d  SYSCFG_DL_initPower     
0000013d  _c_int00_noinit_noargs  
0000015d  SYSCFG_DL_SYSCTL_init   
00000179  DL_Common_delayCycles   
0000018d  SYSCFG_DL_init          
0000019d  Reset_Handler           
000001a1  _system_pre_init        
000001a4  C$$EXIT                 
000001a5  abort                   
000001a9  ADC0_IRQHandler         
000001a9  DMA_IRQHandler          
000001a9  Default_Handler         
000001a9  GROUP0_IRQHandler       
000001a9  GROUP1_IRQHandler       
000001a9  HardFault_Handler       
000001a9  I2C0_IRQHandler         
000001a9  I2C1_IRQHandler         
000001a9  NMI_Handler             
000001a9  PendSV_Handler          
000001a9  SPI0_IRQHandler         
000001a9  SVC_Handler             
000001a9  SysTick_Handler         
000001a9  TIMG0_IRQHandler        
000001a9  TIMG1_IRQHandler        
000001a9  TIMG2_IRQHandler        
000001a9  TIMG4_IRQHandler        
000001a9  UART0_IRQHandler        
000001a9  UART1_IRQHandler        
20000000  __start___llvm_prf_bits 
20000000  __start___llvm_prf_cnts 
20000000  __stop___llvm_prf_bits  
20000000  __stop___llvm_prf_cnts  
20000f00  __stack                 
20001000  __STACK_END             
ffffffff  __TI_pprof_out_hndl     
ffffffff  __TI_prof_data_size     
ffffffff  __TI_prof_data_start    
ffffffff  __binit__               
ffffffff  binit                   
UNDEFED   __mpu_init              

[57 symbols]
